------------------------------------------------------------
Timing Analyzer Summary
------------------------------------------------------------

Type  : Slow 1200mV 85C Model Setup 'pll_0|altpll_component|auto_generated|pll1|clk[0]'
Slack : 35.080
TNS   : 0.000

Type  : Slow 1200mV 85C Model Hold 'pll_0|altpll_component|auto_generated|pll1|clk[0]'
Slack : 0.357
TNS   : 0.000

Type  : Slow 1200mV 85C Model Recovery 'pll_0|altpll_component|auto_generated|pll1|clk[0]'
Slack : 57.979
TNS   : 0.000

Type  : Slow 1200mV 85C Model Removal 'pll_0|altpll_component|auto_generated|pll1|clk[0]'
Slack : 0.898
TNS   : 0.000

Type  : Slow 1200mV 85C Model Minimum Pulse Width 'FPGA_CLK1_50'
Slack : 9.747
TNS   : 0.000

Type  : Slow 1200mV 85C Model Minimum Pulse Width 'pll_0|altpll_component|auto_generated|pll1|clk[0]'
Slack : 30.975
TNS   : 0.000

Type  : Slow 1200mV 0C Model Setup 'pll_0|altpll_component|auto_generated|pll1|clk[0]'
Slack : 37.822
TNS   : 0.000

Type  : Slow 1200mV 0C Model Hold 'pll_0|altpll_component|auto_generated|pll1|clk[0]'
Slack : 0.311
TNS   : 0.000

Type  : Slow 1200mV 0C Model Recovery 'pll_0|altpll_component|auto_generated|pll1|clk[0]'
Slack : 58.505
TNS   : 0.000

Type  : Slow 1200mV 0C Model Removal 'pll_0|altpll_component|auto_generated|pll1|clk[0]'
Slack : 0.809
TNS   : 0.000

Type  : Slow 1200mV 0C Model Minimum Pulse Width 'FPGA_CLK1_50'
Slack : 9.709
TNS   : 0.000

Type  : Slow 1200mV 0C Model Minimum Pulse Width 'pll_0|altpll_component|auto_generated|pll1|clk[0]'
Slack : 30.949
TNS   : 0.000

Type  : Fast 1200mV 0C Model Setup 'pll_0|altpll_component|auto_generated|pll1|clk[0]'
Slack : 46.540
TNS   : 0.000

Type  : Fast 1200mV 0C Model Hold 'pll_0|altpll_component|auto_generated|pll1|clk[0]'
Slack : 0.186
TNS   : 0.000

Type  : Fast 1200mV 0C Model Recovery 'pll_0|altpll_component|auto_generated|pll1|clk[0]'
Slack : 59.761
TNS   : 0.000

Type  : Fast 1200mV 0C Model Removal 'pll_0|altpll_component|auto_generated|pll1|clk[0]'
Slack : 0.489
TNS   : 0.000

Type  : Fast 1200mV 0C Model Minimum Pulse Width 'FPGA_CLK1_50'
Slack : 9.416
TNS   : 0.000

Type  : Fast 1200mV 0C Model Minimum Pulse Width 'pll_0|altpll_component|auto_generated|pll1|clk[0]'
Slack : 30.964
TNS   : 0.000

------------------------------------------------------------
