------------------------------------------------------------
Timing Analyzer Summary
------------------------------------------------------------

Type  : Slow 1200mV 85C Model Setup 'FPGA_CLK1_50'
Slack : -2.262
TNS   : -21.202

Type  : Slow 1200mV 85C Model Hold 'FPGA_CLK1_50'
Slack : 0.357
TNS   : 0.000

Type  : Slow 1200mV 85C Model Recovery 'FPGA_CLK1_50'
Slack : 995.296
TNS   : 0.000

Type  : Slow 1200mV 85C Model Removal 'FPGA_CLK1_50'
Slack : 0.901
TNS   : 0.000

Type  : Slow 1200mV 85C Model Minimum Pulse Width 'FPGA_CLK1_50'
Slack : 10.000
TNS   : 0.000

Type  : Slow 1200mV 0C Model Setup 'FPGA_CLK1_50'
Slack : -1.061
TNS   : -7.469

Type  : Slow 1200mV 0C Model Hold 'FPGA_CLK1_50'
Slack : 0.312
TNS   : 0.000

Type  : Slow 1200mV 0C Model Recovery 'FPGA_CLK1_50'
Slack : 995.784
TNS   : 0.000

Type  : Slow 1200mV 0C Model Removal 'FPGA_CLK1_50'
Slack : 0.811
TNS   : 0.000

Type  : Slow 1200mV 0C Model Minimum Pulse Width 'FPGA_CLK1_50'
Slack : 10.000
TNS   : 0.000

Type  : Fast 1200mV 0C Model Setup 'FPGA_CLK1_50'
Slack : 3.704
TNS   : 0.000

Type  : Fast 1200mV 0C Model Hold 'FPGA_CLK1_50'
Slack : 0.186
TNS   : 0.000

Type  : Fast 1200mV 0C Model Recovery 'FPGA_CLK1_50'
Slack : 997.105
TNS   : 0.000

Type  : Fast 1200mV 0C Model Removal 'FPGA_CLK1_50'
Slack : 0.494
TNS   : 0.000

Type  : Fast 1200mV 0C Model Minimum Pulse Width 'FPGA_CLK1_50'
Slack : 10.000
TNS   : 0.000

------------------------------------------------------------
