------------------------------------------------------------
Timing Analyzer Summary
------------------------------------------------------------

Type  : Slow 1200mV 85C Model Setup 'FPGA_CLK1_50'
Slack : -1.836
TNS   : -18.334

Type  : Slow 1200mV 85C Model Hold 'FPGA_CLK1_50'
Slack : 0.342
TNS   : 0.000

Type  : Slow 1200mV 85C Model Recovery 'FPGA_CLK1_50'
Slack : 994.887
TNS   : 0.000

Type  : Slow 1200mV 85C Model Removal 'FPGA_CLK1_50'
Slack : 0.888
TNS   : 0.000

Type  : Slow 1200mV 85C Model Minimum Pulse Width 'FPGA_CLK1_50'
Slack : 10.000
TNS   : 0.000

Type  : Slow 1200mV 0C Model Setup 'FPGA_CLK1_50'
Slack : -0.646
TNS   : -4.468

Type  : Slow 1200mV 0C Model Hold 'FPGA_CLK1_50'
Slack : 0.298
TNS   : 0.000

Type  : Slow 1200mV 0C Model Recovery 'FPGA_CLK1_50'
Slack : 995.450
TNS   : 0.000

Type  : Slow 1200mV 0C Model Removal 'FPGA_CLK1_50'
Slack : 0.800
TNS   : 0.000

Type  : Slow 1200mV 0C Model Minimum Pulse Width 'FPGA_CLK1_50'
Slack : 9.996
TNS   : 0.000

Type  : Fast 1200mV 0C Model Setup 'FPGA_CLK1_50'
Slack : 3.930
TNS   : 0.000

Type  : Fast 1200mV 0C Model Hold 'FPGA_CLK1_50'
Slack : 0.178
TNS   : 0.000

Type  : Fast 1200mV 0C Model Recovery 'FPGA_CLK1_50'
Slack : 996.845
TNS   : 0.000

Type  : Fast 1200mV 0C Model Removal 'FPGA_CLK1_50'
Slack : 0.486
TNS   : 0.000

Type  : Fast 1200mV 0C Model Minimum Pulse Width 'FPGA_CLK1_50'
Slack : 10.000
TNS   : 0.000

------------------------------------------------------------
