Archive member included to satisfy reference by file (symbol)

/opt/ti/ccsv8/tools/compiler/msp430-gcc-7.3.1.24_linux64/bin/../lib/gcc/msp430-elf/7.3.1/430/libgcc.a(lib2divHI.o)
                              ./uart.o (__mspabi_divi)
/opt/ti/ccsv8/tools/compiler/msp430-gcc-7.3.1.24_linux64/bin/../lib/gcc/msp430-elf/7.3.1/430/libgcc.a(epilogue.o)
                              ./uart.o (__mspabi_func_epilog_7)
/opt/ti/ccsv8/tools/compiler/msp430-gcc-7.3.1.24_linux64/bin/../lib/gcc/msp430-elf/7.3.1/430/libgcc.a(srli.o)
                              /opt/ti/ccsv8/tools/compiler/msp430-gcc-7.3.1.24_linux64/bin/../lib/gcc/msp430-elf/7.3.1/430/crtbegin.o (__mspabi_srli_15)
/opt/ti/ccsv8/tools/compiler/msp430-gcc-7.3.1.24_linux64/bin/../lib/gcc/msp430-elf/7.3.1/430/libmul_16.a(lib2hw_mul_16.o)
                              ./main.o (__mulhi2)
/opt/ti/ccsv8/tools/compiler/msp430-gcc-7.3.1.24_linux64/bin/../lib/gcc/msp430-elf/7.3.1/430/libmul_16.a(lib2_mul_16bit.o)
                              /opt/ti/ccsv8/tools/compiler/msp430-gcc-7.3.1.24_linux64/bin/../lib/gcc/msp430-elf/7.3.1/430/libmul_16.a(lib2hw_mul_16.o) (__mspabi_mpysll)
/opt/ti/ccsv8/tools/compiler/msp430-gcc-7.3.1.24_linux64/bin/../lib/gcc/msp430-elf/7.3.1/430/libgcc.a(_muldi3.o)
                              /opt/ti/ccsv8/tools/compiler/msp430-gcc-7.3.1.24_linux64/bin/../lib/gcc/msp430-elf/7.3.1/430/libmul_16.a(lib2hw_mul_16.o) (__mspabi_mpyll)
/opt/ti/ccsv8/tools/compiler/msp430-gcc-7.3.1.24_linux64/bin/../lib/gcc/msp430-elf/7.3.1/430/libgcc.a(slli.o)
                              /opt/ti/ccsv8/tools/compiler/msp430-gcc-7.3.1.24_linux64/bin/../lib/gcc/msp430-elf/7.3.1/430/libgcc.a(_muldi3.o) (__mspabi_slll)
/opt/ti/ccsv8/tools/compiler/msp430-gcc-7.3.1.24_linux64/bin/../lib/gcc/msp430-elf/7.3.1/430/libgcc.a(srai.o)
                              /opt/ti/ccsv8/tools/compiler/msp430-gcc-7.3.1.24_linux64/bin/../lib/gcc/msp430-elf/7.3.1/430/libmul_16.a(lib2_mul_16bit.o) (__mspabi_srai_15)
/opt/ti/ccsv8/tools/compiler/msp430-gcc-7.3.1.24_linux64/bin/../lib/gcc/msp430-elf/7.3.1/../../../../msp430-elf/lib/430/libcrt.a(crt_bss.o)
                              /opt/ti/ccsv8/tools/compiler/msp430-gcc-7.3.1.24_linux64/bin/../lib/gcc/msp430-elf/7.3.1/430/crtbegin.o (__crt0_init_bss)
/opt/ti/ccsv8/tools/compiler/msp430-gcc-7.3.1.24_linux64/bin/../lib/gcc/msp430-elf/7.3.1/../../../../msp430-elf/lib/430/libcrt.a(crt_movedata.o)
                              /opt/ti/ccsv8/tools/compiler/msp430-gcc-7.3.1.24_linux64/bin/../lib/gcc/msp430-elf/7.3.1/430/crtbegin.o (__crt0_movedata)
/opt/ti/ccsv8/tools/compiler/msp430-gcc-7.3.1.24_linux64/bin/../lib/gcc/msp430-elf/7.3.1/../../../../msp430-elf/lib/430/libcrt.a(crt_main.o)
                              /opt/ti/ccsv8/tools/compiler/msp430-gcc-7.3.1.24_linux64/bin/../lib/gcc/msp430-elf/7.3.1/../../../../msp430-elf/lib/430/crt0.o (__crt0_call_init_then_main)
/opt/ti/ccsv8/tools/compiler/msp430-gcc-7.3.1.24_linux64/bin/../lib/gcc/msp430-elf/7.3.1/../../../../msp430-elf/lib/430/libc.a(lib_a-memmove.o)
                              /opt/ti/ccsv8/tools/compiler/msp430-gcc-7.3.1.24_linux64/bin/../lib/gcc/msp430-elf/7.3.1/../../../../msp430-elf/lib/430/libcrt.a(crt_movedata.o) (memmove)
/opt/ti/ccsv8/tools/compiler/msp430-gcc-7.3.1.24_linux64/bin/../lib/gcc/msp430-elf/7.3.1/../../../../msp430-elf/lib/430/libc.a(lib_a-memset.o)
                              /opt/ti/ccsv8/tools/compiler/msp430-gcc-7.3.1.24_linux64/bin/../lib/gcc/msp430-elf/7.3.1/../../../../msp430-elf/lib/430/libcrt.a(crt_bss.o) (memset)

Discarded input sections

 .text          0x0000000000000000        0x0 /opt/ti/ccsv8/tools/compiler/msp430-gcc-7.3.1.24_linux64/bin/../lib/gcc/msp430-elf/7.3.1/../../../../msp430-elf/lib/430/crt0.o
 .data          0x0000000000000000        0x0 /opt/ti/ccsv8/tools/compiler/msp430-gcc-7.3.1.24_linux64/bin/../lib/gcc/msp430-elf/7.3.1/../../../../msp430-elf/lib/430/crt0.o
 .bss           0x0000000000000000        0x0 /opt/ti/ccsv8/tools/compiler/msp430-gcc-7.3.1.24_linux64/bin/../lib/gcc/msp430-elf/7.3.1/../../../../msp430-elf/lib/430/crt0.o
 .text          0x0000000000000000        0x4 /opt/ti/ccsv8/tools/compiler/msp430-gcc-7.3.1.24_linux64/bin/../lib/gcc/msp430-elf/7.3.1/430/crtbegin.o
 .data          0x0000000000000000        0x0 /opt/ti/ccsv8/tools/compiler/msp430-gcc-7.3.1.24_linux64/bin/../lib/gcc/msp430-elf/7.3.1/430/crtbegin.o
 .bss           0x0000000000000000        0x0 /opt/ti/ccsv8/tools/compiler/msp430-gcc-7.3.1.24_linux64/bin/../lib/gcc/msp430-elf/7.3.1/430/crtbegin.o
 .data.__dso_handle
                0x0000000000000000        0x2 /opt/ti/ccsv8/tools/compiler/msp430-gcc-7.3.1.24_linux64/bin/../lib/gcc/msp430-elf/7.3.1/430/crtbegin.o
 .text.call___do_global_dtors_aux
                0x0000000000000000        0x0 /opt/ti/ccsv8/tools/compiler/msp430-gcc-7.3.1.24_linux64/bin/../lib/gcc/msp430-elf/7.3.1/430/crtbegin.o
 .text.call_frame_dummy
                0x0000000000000000        0x0 /opt/ti/ccsv8/tools/compiler/msp430-gcc-7.3.1.24_linux64/bin/../lib/gcc/msp430-elf/7.3.1/430/crtbegin.o
 .data          0x0000000000000000        0x0 ./main.o
 .bss           0x0000000000000000        0x0 ./main.o
 .data          0x0000000000000000        0x0 ./uart.o
 .bss           0x0000000000000000        0x0 ./uart.o
 .text          0x0000000000000000        0x0 /opt/ti/ccsv8/tools/compiler/msp430-gcc-7.3.1.24_linux64/bin/../lib/gcc/msp430-elf/7.3.1/430/libgcc.a(lib2divHI.o)
 .data          0x0000000000000000        0x0 /opt/ti/ccsv8/tools/compiler/msp430-gcc-7.3.1.24_linux64/bin/../lib/gcc/msp430-elf/7.3.1/430/libgcc.a(lib2divHI.o)
 .bss           0x0000000000000000        0x0 /opt/ti/ccsv8/tools/compiler/msp430-gcc-7.3.1.24_linux64/bin/../lib/gcc/msp430-elf/7.3.1/430/libgcc.a(lib2divHI.o)
 .text.__udivhi3
                0x0000000000000000        0x8 /opt/ti/ccsv8/tools/compiler/msp430-gcc-7.3.1.24_linux64/bin/../lib/gcc/msp430-elf/7.3.1/430/libgcc.a(lib2divHI.o)
 .text.__umodhi3
                0x0000000000000000        0x8 /opt/ti/ccsv8/tools/compiler/msp430-gcc-7.3.1.24_linux64/bin/../lib/gcc/msp430-elf/7.3.1/430/libgcc.a(lib2divHI.o)
 .data          0x0000000000000000        0x0 /opt/ti/ccsv8/tools/compiler/msp430-gcc-7.3.1.24_linux64/bin/../lib/gcc/msp430-elf/7.3.1/430/libgcc.a(epilogue.o)
 .bss           0x0000000000000000        0x0 /opt/ti/ccsv8/tools/compiler/msp430-gcc-7.3.1.24_linux64/bin/../lib/gcc/msp430-elf/7.3.1/430/libgcc.a(epilogue.o)
 .data          0x0000000000000000        0x0 /opt/ti/ccsv8/tools/compiler/msp430-gcc-7.3.1.24_linux64/bin/../lib/gcc/msp430-elf/7.3.1/430/libgcc.a(srli.o)
 .bss           0x0000000000000000        0x0 /opt/ti/ccsv8/tools/compiler/msp430-gcc-7.3.1.24_linux64/bin/../lib/gcc/msp430-elf/7.3.1/430/libgcc.a(srli.o)
 .text          0x0000000000000000        0x0 /opt/ti/ccsv8/tools/compiler/msp430-gcc-7.3.1.24_linux64/bin/../lib/gcc/msp430-elf/7.3.1/430/libmul_16.a(lib2hw_mul_16.o)
 .data          0x0000000000000000        0x0 /opt/ti/ccsv8/tools/compiler/msp430-gcc-7.3.1.24_linux64/bin/../lib/gcc/msp430-elf/7.3.1/430/libmul_16.a(lib2hw_mul_16.o)
 .bss           0x0000000000000000        0x0 /opt/ti/ccsv8/tools/compiler/msp430-gcc-7.3.1.24_linux64/bin/../lib/gcc/msp430-elf/7.3.1/430/libmul_16.a(lib2hw_mul_16.o)
 .text.__mulhi2
                0x0000000000000000       0x14 /opt/ti/ccsv8/tools/compiler/msp430-gcc-7.3.1.24_linux64/bin/../lib/gcc/msp430-elf/7.3.1/430/libmul_16.a(lib2hw_mul_16.o)
 .text.__mulsihi2
                0x0000000000000000       0x18 /opt/ti/ccsv8/tools/compiler/msp430-gcc-7.3.1.24_linux64/bin/../lib/gcc/msp430-elf/7.3.1/430/libmul_16.a(lib2hw_mul_16.o)
 .text.__umulsihi2
                0x0000000000000000       0x18 /opt/ti/ccsv8/tools/compiler/msp430-gcc-7.3.1.24_linux64/bin/../lib/gcc/msp430-elf/7.3.1/430/libmul_16.a(lib2hw_mul_16.o)
 .text.__mulsi2
                0x0000000000000000       0x2e /opt/ti/ccsv8/tools/compiler/msp430-gcc-7.3.1.24_linux64/bin/../lib/gcc/msp430-elf/7.3.1/430/libmul_16.a(lib2hw_mul_16.o)
 .text.__muldisi2
                0x0000000000000000        0x4 /opt/ti/ccsv8/tools/compiler/msp430-gcc-7.3.1.24_linux64/bin/../lib/gcc/msp430-elf/7.3.1/430/libmul_16.a(lib2hw_mul_16.o)
 .text.__umuldisi2
                0x0000000000000000        0x4 /opt/ti/ccsv8/tools/compiler/msp430-gcc-7.3.1.24_linux64/bin/../lib/gcc/msp430-elf/7.3.1/430/libmul_16.a(lib2hw_mul_16.o)
 .text.__muldi3
                0x0000000000000000        0x4 /opt/ti/ccsv8/tools/compiler/msp430-gcc-7.3.1.24_linux64/bin/../lib/gcc/msp430-elf/7.3.1/430/libmul_16.a(lib2hw_mul_16.o)
 .text          0x0000000000000000        0x0 /opt/ti/ccsv8/tools/compiler/msp430-gcc-7.3.1.24_linux64/bin/../lib/gcc/msp430-elf/7.3.1/430/libmul_16.a(lib2_mul_16bit.o)
 .data          0x0000000000000000        0x0 /opt/ti/ccsv8/tools/compiler/msp430-gcc-7.3.1.24_linux64/bin/../lib/gcc/msp430-elf/7.3.1/430/libmul_16.a(lib2_mul_16bit.o)
 .bss           0x0000000000000000        0x0 /opt/ti/ccsv8/tools/compiler/msp430-gcc-7.3.1.24_linux64/bin/../lib/gcc/msp430-elf/7.3.1/430/libmul_16.a(lib2_mul_16bit.o)
 .text.__mspabi_mpysll
                0x0000000000000000       0x36 /opt/ti/ccsv8/tools/compiler/msp430-gcc-7.3.1.24_linux64/bin/../lib/gcc/msp430-elf/7.3.1/430/libmul_16.a(lib2_mul_16bit.o)
 .text.__mspabi_mpyull
                0x0000000000000000       0x1e /opt/ti/ccsv8/tools/compiler/msp430-gcc-7.3.1.24_linux64/bin/../lib/gcc/msp430-elf/7.3.1/430/libmul_16.a(lib2_mul_16bit.o)
 .text          0x0000000000000000        0x0 /opt/ti/ccsv8/tools/compiler/msp430-gcc-7.3.1.24_linux64/bin/../lib/gcc/msp430-elf/7.3.1/430/libgcc.a(_muldi3.o)
 .data          0x0000000000000000        0x0 /opt/ti/ccsv8/tools/compiler/msp430-gcc-7.3.1.24_linux64/bin/../lib/gcc/msp430-elf/7.3.1/430/libgcc.a(_muldi3.o)
 .bss           0x0000000000000000        0x0 /opt/ti/ccsv8/tools/compiler/msp430-gcc-7.3.1.24_linux64/bin/../lib/gcc/msp430-elf/7.3.1/430/libgcc.a(_muldi3.o)
 .text.__muldi3
                0x0000000000000000      0x148 /opt/ti/ccsv8/tools/compiler/msp430-gcc-7.3.1.24_linux64/bin/../lib/gcc/msp430-elf/7.3.1/430/libgcc.a(_muldi3.o)
 .text          0x0000000000000000       0x74 /opt/ti/ccsv8/tools/compiler/msp430-gcc-7.3.1.24_linux64/bin/../lib/gcc/msp430-elf/7.3.1/430/libgcc.a(slli.o)
 .data          0x0000000000000000        0x0 /opt/ti/ccsv8/tools/compiler/msp430-gcc-7.3.1.24_linux64/bin/../lib/gcc/msp430-elf/7.3.1/430/libgcc.a(slli.o)
 .bss           0x0000000000000000        0x0 /opt/ti/ccsv8/tools/compiler/msp430-gcc-7.3.1.24_linux64/bin/../lib/gcc/msp430-elf/7.3.1/430/libgcc.a(slli.o)
 .text          0x0000000000000000       0x74 /opt/ti/ccsv8/tools/compiler/msp430-gcc-7.3.1.24_linux64/bin/../lib/gcc/msp430-elf/7.3.1/430/libgcc.a(srai.o)
 .data          0x0000000000000000        0x0 /opt/ti/ccsv8/tools/compiler/msp430-gcc-7.3.1.24_linux64/bin/../lib/gcc/msp430-elf/7.3.1/430/libgcc.a(srai.o)
 .bss           0x0000000000000000        0x0 /opt/ti/ccsv8/tools/compiler/msp430-gcc-7.3.1.24_linux64/bin/../lib/gcc/msp430-elf/7.3.1/430/libgcc.a(srai.o)
 .text          0x0000000000000000        0x0 /opt/ti/ccsv8/tools/compiler/msp430-gcc-7.3.1.24_linux64/bin/../lib/gcc/msp430-elf/7.3.1/../../../../msp430-elf/lib/430/libcrt.a(crt_bss.o)
 .data          0x0000000000000000        0x0 /opt/ti/ccsv8/tools/compiler/msp430-gcc-7.3.1.24_linux64/bin/../lib/gcc/msp430-elf/7.3.1/../../../../msp430-elf/lib/430/libcrt.a(crt_bss.o)
 .bss           0x0000000000000000        0x0 /opt/ti/ccsv8/tools/compiler/msp430-gcc-7.3.1.24_linux64/bin/../lib/gcc/msp430-elf/7.3.1/../../../../msp430-elf/lib/430/libcrt.a(crt_bss.o)
 .text          0x0000000000000000        0x0 /opt/ti/ccsv8/tools/compiler/msp430-gcc-7.3.1.24_linux64/bin/../lib/gcc/msp430-elf/7.3.1/../../../../msp430-elf/lib/430/libcrt.a(crt_movedata.o)
 .data          0x0000000000000000        0x0 /opt/ti/ccsv8/tools/compiler/msp430-gcc-7.3.1.24_linux64/bin/../lib/gcc/msp430-elf/7.3.1/../../../../msp430-elf/lib/430/libcrt.a(crt_movedata.o)
 .bss           0x0000000000000000        0x0 /opt/ti/ccsv8/tools/compiler/msp430-gcc-7.3.1.24_linux64/bin/../lib/gcc/msp430-elf/7.3.1/../../../../msp430-elf/lib/430/libcrt.a(crt_movedata.o)
 .text          0x0000000000000000        0x0 /opt/ti/ccsv8/tools/compiler/msp430-gcc-7.3.1.24_linux64/bin/../lib/gcc/msp430-elf/7.3.1/../../../../msp430-elf/lib/430/libcrt.a(crt_main.o)
 .data          0x0000000000000000        0x0 /opt/ti/ccsv8/tools/compiler/msp430-gcc-7.3.1.24_linux64/bin/../lib/gcc/msp430-elf/7.3.1/../../../../msp430-elf/lib/430/libcrt.a(crt_main.o)
 .bss           0x0000000000000000        0x0 /opt/ti/ccsv8/tools/compiler/msp430-gcc-7.3.1.24_linux64/bin/../lib/gcc/msp430-elf/7.3.1/../../../../msp430-elf/lib/430/libcrt.a(crt_main.o)
 .text          0x0000000000000000        0x0 /opt/ti/ccsv8/tools/compiler/msp430-gcc-7.3.1.24_linux64/bin/../lib/gcc/msp430-elf/7.3.1/../../../../msp430-elf/lib/430/libc.a(lib_a-memmove.o)
 .data          0x0000000000000000        0x0 /opt/ti/ccsv8/tools/compiler/msp430-gcc-7.3.1.24_linux64/bin/../lib/gcc/msp430-elf/7.3.1/../../../../msp430-elf/lib/430/libc.a(lib_a-memmove.o)
 .bss           0x0000000000000000        0x0 /opt/ti/ccsv8/tools/compiler/msp430-gcc-7.3.1.24_linux64/bin/../lib/gcc/msp430-elf/7.3.1/../../../../msp430-elf/lib/430/libc.a(lib_a-memmove.o)
 .text          0x0000000000000000        0x0 /opt/ti/ccsv8/tools/compiler/msp430-gcc-7.3.1.24_linux64/bin/../lib/gcc/msp430-elf/7.3.1/../../../../msp430-elf/lib/430/libc.a(lib_a-memset.o)
 .data          0x0000000000000000        0x0 /opt/ti/ccsv8/tools/compiler/msp430-gcc-7.3.1.24_linux64/bin/../lib/gcc/msp430-elf/7.3.1/../../../../msp430-elf/lib/430/libc.a(lib_a-memset.o)
 .bss           0x0000000000000000        0x0 /opt/ti/ccsv8/tools/compiler/msp430-gcc-7.3.1.24_linux64/bin/../lib/gcc/msp430-elf/7.3.1/../../../../msp430-elf/lib/430/libc.a(lib_a-memset.o)
 .text          0x0000000000000000        0x2 /opt/ti/ccsv8/tools/compiler/msp430-gcc-7.3.1.24_linux64/bin/../lib/gcc/msp430-elf/7.3.1/430/crtend.o
 .data          0x0000000000000000        0x0 /opt/ti/ccsv8/tools/compiler/msp430-gcc-7.3.1.24_linux64/bin/../lib/gcc/msp430-elf/7.3.1/430/crtend.o
 .bss           0x0000000000000000        0x0 /opt/ti/ccsv8/tools/compiler/msp430-gcc-7.3.1.24_linux64/bin/../lib/gcc/msp430-elf/7.3.1/430/crtend.o
 .text.call___do_global_ctors_aux
                0x0000000000000000        0x0 /opt/ti/ccsv8/tools/compiler/msp430-gcc-7.3.1.24_linux64/bin/../lib/gcc/msp430-elf/7.3.1/430/crtend.o
 .text          0x0000000000000000        0x0 /opt/ti/ccsv8/tools/compiler/msp430-gcc-7.3.1.24_linux64/bin/../lib/gcc/msp430-elf/7.3.1/../../../../msp430-elf/lib/430/crtn.o
 .data          0x0000000000000000        0x0 /opt/ti/ccsv8/tools/compiler/msp430-gcc-7.3.1.24_linux64/bin/../lib/gcc/msp430-elf/7.3.1/../../../../msp430-elf/lib/430/crtn.o
 .bss           0x0000000000000000        0x0 /opt/ti/ccsv8/tools/compiler/msp430-gcc-7.3.1.24_linux64/bin/../lib/gcc/msp430-elf/7.3.1/../../../../msp430-elf/lib/430/crtn.o

Memory Configuration

Name             Origin             Length             Attributes
SFR              0x0000000000000000 0x0000000000000010
PERIPHERAL_8BIT  0x0000000000000010 0x00000000000000f0
PERIPHERAL_16BIT 0x0000000000000100 0x0000000000003f00
RAM              0x0000000000004000 0x0000000000004000
ROM              0x0000000000008000 0x0000000000007fe0 xr
VECT1            0x000000000000ffe0 0x0000000000000002
VECT2            0x000000000000ffe2 0x0000000000000002
VECT3            0x000000000000ffe4 0x0000000000000002
VECT4            0x000000000000ffe6 0x0000000000000002
VECT5            0x000000000000ffe8 0x0000000000000002
VECT6            0x000000000000ffea 0x0000000000000002
VECT7            0x000000000000ffec 0x0000000000000002
VECT8            0x000000000000ffee 0x0000000000000002
VECT9            0x000000000000fff0 0x0000000000000002
VECT10           0x000000000000fff2 0x0000000000000002
VECT11           0x000000000000fff4 0x0000000000000002
VECT12           0x000000000000fff6 0x0000000000000002
VECT13           0x000000000000fff8 0x0000000000000002
VECT14           0x000000000000fffa 0x0000000000000002
VECT15           0x000000000000fffc 0x0000000000000002
RESETVEC         0x000000000000fffe 0x0000000000000002
*default*        0x0000000000000000 0xffffffffffffffff

Linker script and memory map

LOAD /opt/ti/ccsv8/tools/compiler/msp430-gcc-7.3.1.24_linux64/bin/../lib/gcc/msp430-elf/7.3.1/../../../../msp430-elf/lib/430/crt0.o
LOAD /opt/ti/ccsv8/tools/compiler/msp430-gcc-7.3.1.24_linux64/bin/../lib/gcc/msp430-elf/7.3.1/430/crtbegin.o
LOAD ./main.o
LOAD ./uart.o
LOAD /opt/ti/ccsv8/tools/compiler/msp430-gcc-7.3.1.24_linux64/bin/../lib/gcc/msp430-elf/7.3.1/430/libgcc.a
START GROUP
LOAD /opt/ti/ccsv8/tools/compiler/msp430-gcc-7.3.1.24_linux64/bin/../lib/gcc/msp430-elf/7.3.1/430/libmul_16.a
LOAD /opt/ti/ccsv8/tools/compiler/msp430-gcc-7.3.1.24_linux64/bin/../lib/gcc/msp430-elf/7.3.1/../../../../msp430-elf/lib/430/libc.a
LOAD /opt/ti/ccsv8/tools/compiler/msp430-gcc-7.3.1.24_linux64/bin/../lib/gcc/msp430-elf/7.3.1/430/libgcc.a
LOAD /opt/ti/ccsv8/tools/compiler/msp430-gcc-7.3.1.24_linux64/bin/../lib/gcc/msp430-elf/7.3.1/../../../../msp430-elf/lib/430/libcrt.a
LOAD /opt/ti/ccsv8/tools/compiler/msp430-gcc-7.3.1.24_linux64/bin/../lib/gcc/msp430-elf/7.3.1/../../../../msp430-elf/lib/430/libnosys.a
END GROUP
LOAD /opt/ti/ccsv8/tools/compiler/msp430-gcc-7.3.1.24_linux64/bin/../lib/gcc/msp430-elf/7.3.1/430/libgcc.a
LOAD /opt/ti/ccsv8/tools/compiler/msp430-gcc-7.3.1.24_linux64/bin/../lib/gcc/msp430-elf/7.3.1/430/crtend.o
LOAD /opt/ti/ccsv8/tools/compiler/msp430-gcc-7.3.1.24_linux64/bin/../lib/gcc/msp430-elf/7.3.1/../../../../msp430-elf/lib/430/crtn.o
LOAD /opt/ti/ccsv8/tools/compiler/msp430-gcc-7.3.1.24_linux64/bin/../lib/gcc/msp430-elf/7.3.1/430/libgcc.a

__interrupt_vector_1
 *(__interrupt_vector_1)

__interrupt_vector_2
 *(__interrupt_vector_2)

__interrupt_vector_3
 *(__interrupt_vector_3)
 *(__interrupt_vector_port1)

__interrupt_vector_4
 *(__interrupt_vector_4)
 *(__interrupt_vector_port2)

__interrupt_vector_5
 *(__interrupt_vector_5)
 *(__interrupt_vector_qwark)

__interrupt_vector_6
 *(__interrupt_vector_6)

__interrupt_vector_7
 *(__interrupt_vector_7)

__interrupt_vector_8
 *(__interrupt_vector_8)

__interrupt_vector_9
 *(__interrupt_vector_9)
 *(__interrupt_vector_timera1)

__interrupt_vector_10
 *(__interrupt_vector_10)
 *(__interrupt_vector_timera0)

__interrupt_vector_11
 *(__interrupt_vector_11)
 *(__interrupt_vector_wdt)

__interrupt_vector_12
 *(__interrupt_vector_12)

__interrupt_vector_13
 *(__interrupt_vector_13)

__interrupt_vector_14
 *(__interrupt_vector_14)

__interrupt_vector_15
 *(__interrupt_vector_15)
 *(__interrupt_vector_nmi)

__reset_vector  0x000000000000fffe        0x2
 *(__interrupt_vector_16)
 *(__interrupt_vector_reset)
 *(.resetvec)
 .resetvec      0x000000000000fffe        0x2 /opt/ti/ccsv8/tools/compiler/msp430-gcc-7.3.1.24_linux64/bin/../lib/gcc/msp430-elf/7.3.1/../../../../msp430-elf/lib/430/crt0.o

.rodata         0x0000000000008000      0x12c
                0x0000000000008000                . = ALIGN (0x2)
 *(.plt)
 *(.rodata .rodata.* .gnu.linkonce.r.* .const .const:*)
 .rodata        0x0000000000008000      0x11a ./main.o
 *(.rodata1)
 *(.eh_frame_hdr)
 *(.eh_frame)
 *fill*         0x000000000000811a        0x2 
 .eh_frame      0x000000000000811c        0x0 /opt/ti/ccsv8/tools/compiler/msp430-gcc-7.3.1.24_linux64/bin/../lib/gcc/msp430-elf/7.3.1/430/crtbegin.o
 .eh_frame      0x000000000000811c        0x4 /opt/ti/ccsv8/tools/compiler/msp430-gcc-7.3.1.24_linux64/bin/../lib/gcc/msp430-elf/7.3.1/430/crtend.o
 *(.gcc_except_table)
 *(.gcc_except_table.*)
                0x0000000000008120                PROVIDE (__preinit_array_start, .)
 *(.preinit_array)
                0x0000000000008120                PROVIDE (__preinit_array_end, .)
                0x0000000000008120                PROVIDE (__init_array_start, .)
 *(SORT(.init_array.*))
 *(.init_array)
                0x0000000000008120                PROVIDE (__init_array_end, .)
                0x0000000000008120                PROVIDE (__fini_array_start, .)
 *(.fini_array)
 *(SORT(.fini_array.*))
                0x0000000000008120                PROVIDE (__fini_array_end, .)
                0x0000000000008120        0x4 LONG 0x0
 *crtbegin*.o(.ctors)
 .ctors         0x0000000000008124        0x2 /opt/ti/ccsv8/tools/compiler/msp430-gcc-7.3.1.24_linux64/bin/../lib/gcc/msp430-elf/7.3.1/430/crtbegin.o
 *(EXCLUDE_FILE(*crtend*.o) .ctors)
 *(SORT(.ctors.*))
 *(.ctors)
 .ctors         0x0000000000008126        0x2 /opt/ti/ccsv8/tools/compiler/msp430-gcc-7.3.1.24_linux64/bin/../lib/gcc/msp430-elf/7.3.1/430/crtend.o
 *crtbegin*.o(.dtors)
 .dtors         0x0000000000008128        0x2 /opt/ti/ccsv8/tools/compiler/msp430-gcc-7.3.1.24_linux64/bin/../lib/gcc/msp430-elf/7.3.1/430/crtbegin.o
 *(EXCLUDE_FILE(*crtend*.o) .dtors)
 *(SORT(.dtors.*))
 *(.dtors)
 .dtors         0x000000000000812a        0x2 /opt/ti/ccsv8/tools/compiler/msp430-gcc-7.3.1.24_linux64/bin/../lib/gcc/msp430-elf/7.3.1/430/crtend.o
                0x000000000000812a                __DTOR_END__

.text           0x000000000000812c      0x9d0
                0x000000000000812c                . = ALIGN (0x2)
                0x000000000000812c                PROVIDE (_start, .)
 *(SORT(.crt_*))
 .crt_0000start
                0x000000000000812c        0x4 /opt/ti/ccsv8/tools/compiler/msp430-gcc-7.3.1.24_linux64/bin/../lib/gcc/msp430-elf/7.3.1/../../../../msp430-elf/lib/430/crt0.o
                0x000000000000812c                __crt0_start
 .crt_0100init_bss
                0x0000000000008130        0xe /opt/ti/ccsv8/tools/compiler/msp430-gcc-7.3.1.24_linux64/bin/../lib/gcc/msp430-elf/7.3.1/../../../../msp430-elf/lib/430/libcrt.a(crt_bss.o)
                0x0000000000008130                __crt0_init_bss
 .crt_0300movedata
                0x000000000000813e       0x14 /opt/ti/ccsv8/tools/compiler/msp430-gcc-7.3.1.24_linux64/bin/../lib/gcc/msp430-elf/7.3.1/../../../../msp430-elf/lib/430/libcrt.a(crt_movedata.o)
                0x000000000000813e                __crt0_movedata
 .crt_0700call_init_then_main
                0x0000000000008152        0xa /opt/ti/ccsv8/tools/compiler/msp430-gcc-7.3.1.24_linux64/bin/../lib/gcc/msp430-elf/7.3.1/../../../../msp430-elf/lib/430/libcrt.a(crt_main.o)
                0x0000000000008152                __crt0_call_init_then_main
 .crt_0900main_init
                0x000000000000815c       0x3c /opt/ti/ccsv8/tools/compiler/msp430-gcc-7.3.1.24_linux64/bin/../lib/gcc/msp430-elf/7.3.1/../../../../msp430-elf/lib/430/crt0.o
                0x000000000000815c                _msp430_run_init_array
                0x000000000000816a                _msp430_run_preinit_array
                0x0000000000008178                _msp430_run_fini_array
 *(.lowtext .text .stub .text.* .gnu.linkonce.t.* .text:*)
 .text.deregister_tm_clones
                0x0000000000008198       0x1a /opt/ti/ccsv8/tools/compiler/msp430-gcc-7.3.1.24_linux64/bin/../lib/gcc/msp430-elf/7.3.1/430/crtbegin.o
 .text.register_tm_clones
                0x00000000000081b2       0x2e /opt/ti/ccsv8/tools/compiler/msp430-gcc-7.3.1.24_linux64/bin/../lib/gcc/msp430-elf/7.3.1/430/crtbegin.o
 .text.__do_global_dtors_aux
                0x00000000000081e0       0x4e /opt/ti/ccsv8/tools/compiler/msp430-gcc-7.3.1.24_linux64/bin/../lib/gcc/msp430-elf/7.3.1/430/crtbegin.o
 .text.frame_dummy
                0x000000000000822e       0x18 /opt/ti/ccsv8/tools/compiler/msp430-gcc-7.3.1.24_linux64/bin/../lib/gcc/msp430-elf/7.3.1/430/crtbegin.o
 .text          0x0000000000008246      0x5aa ./main.o
                0x0000000000008246                init
                0x0000000000008256                btbl_bitcnt
                0x0000000000008290                bit_count
                0x00000000000082b6                bitcount
                0x0000000000008358                ntbl_bitcount
                0x00000000000083fc                BW_btbl_bitcount
                0x000000000000843a                AR_btbl_bitcount
                0x0000000000008476                ntbl_bitcnt
                0x00000000000084b8                bit_shifter
                0x00000000000084e8                main
 .text          0x00000000000087f0      0x108 ./uart.o
                0x00000000000087f0                UART_WriteChar
                0x0000000000008806                UART_WriteNumber
                0x00000000000088cc                UART_WriteString
 .text.udivmodhi4
                0x00000000000088f8       0x40 /opt/ti/ccsv8/tools/compiler/msp430-gcc-7.3.1.24_linux64/bin/../lib/gcc/msp430-elf/7.3.1/430/libgcc.a(lib2divHI.o)
                0x00000000000088f8                udivmodhi4
 .text.__divhi3
                0x0000000000008938       0x4c /opt/ti/ccsv8/tools/compiler/msp430-gcc-7.3.1.24_linux64/bin/../lib/gcc/msp430-elf/7.3.1/430/libgcc.a(lib2divHI.o)
                0x0000000000008938                __mspabi_divi
 .text.__modhi3
                0x0000000000008984       0x32 /opt/ti/ccsv8/tools/compiler/msp430-gcc-7.3.1.24_linux64/bin/../lib/gcc/msp430-elf/7.3.1/430/libgcc.a(lib2divHI.o)
                0x0000000000008984                __mspabi_remi
 .text          0x00000000000089b6       0x10 /opt/ti/ccsv8/tools/compiler/msp430-gcc-7.3.1.24_linux64/bin/../lib/gcc/msp430-elf/7.3.1/430/libgcc.a(epilogue.o)
                0x00000000000089b6                __mspabi_func_epilog_7
                0x00000000000089b8                __mspabi_func_epilog_6
                0x00000000000089ba                __mspabi_func_epilog_5
                0x00000000000089bc                __mspabi_func_epilog_4
                0x00000000000089be                __mspabi_func_epilog_3
                0x00000000000089c0                __mspabi_func_epilog_2
                0x00000000000089c2                __mspabi_func_epilog_1
 .text          0x00000000000089c6       0xb4 /opt/ti/ccsv8/tools/compiler/msp430-gcc-7.3.1.24_linux64/bin/../lib/gcc/msp430-elf/7.3.1/430/libgcc.a(srli.o)
                0x00000000000089c6                __mspabi_srli_15
                0x00000000000089ca                __mspabi_srli_14
                0x00000000000089ce                __mspabi_srli_13
                0x00000000000089d2                __mspabi_srli_12
                0x00000000000089d6                __mspabi_srli_11
                0x00000000000089da                __mspabi_srli_10
                0x00000000000089de                __mspabi_srli_9
                0x00000000000089e2                __mspabi_srli_8
                0x00000000000089e6                __mspabi_srli_7
                0x00000000000089ea                __mspabi_srli_6
                0x00000000000089ee                __mspabi_srli_5
                0x00000000000089f2                __mspabi_srli_4
                0x00000000000089f6                __mspabi_srli_3
                0x00000000000089fa                __mspabi_srli_2
                0x00000000000089fe                __mspabi_srli_1
                0x0000000000008a0a                __mspabi_srli
                0x0000000000008a10                __mspabi_srll_15
                0x0000000000008a16                __mspabi_srll_14
                0x0000000000008a1c                __mspabi_srll_13
                0x0000000000008a22                __mspabi_srll_12
                0x0000000000008a28                __mspabi_srll_11
                0x0000000000008a2e                __mspabi_srll_10
                0x0000000000008a34                __mspabi_srll_9
                0x0000000000008a3a                __mspabi_srll_8
                0x0000000000008a40                __mspabi_srll_7
                0x0000000000008a46                __mspabi_srll_6
                0x0000000000008a4c                __mspabi_srll_5
                0x0000000000008a52                __mspabi_srll_4
                0x0000000000008a58                __mspabi_srll_3
                0x0000000000008a5e                __mspabi_srll_2
                0x0000000000008a64                __mspabi_srll_1
                0x0000000000008a74                __mspabi_srll
 .text.memmove  0x0000000000008a7a       0x38 /opt/ti/ccsv8/tools/compiler/msp430-gcc-7.3.1.24_linux64/bin/../lib/gcc/msp430-elf/7.3.1/../../../../msp430-elf/lib/430/libc.a(lib_a-memmove.o)
                0x0000000000008a7a                memmove
 .text.memset   0x0000000000008ab2       0x14 /opt/ti/ccsv8/tools/compiler/msp430-gcc-7.3.1.24_linux64/bin/../lib/gcc/msp430-elf/7.3.1/../../../../msp430-elf/lib/430/libc.a(lib_a-memset.o)
                0x0000000000008ab2                memset
 .text.__do_global_ctors_aux
                0x0000000000008ac6       0x1a /opt/ti/ccsv8/tools/compiler/msp430-gcc-7.3.1.24_linux64/bin/../lib/gcc/msp430-elf/7.3.1/430/crtend.o
 *(.text.*personality*)
 *(.gnu.warning)
 *(.interp .hash .dynsym .dynstr .gnu.version*)
                [!provide]                        PROVIDE (__etext, .)
                [!provide]                        PROVIDE (_etext, .)
                [!provide]                        PROVIDE (etext, .)
                0x0000000000008ae0                . = ALIGN (0x2)
 *(.init)
 .init          0x0000000000008ae0        0x0 /opt/ti/ccsv8/tools/compiler/msp430-gcc-7.3.1.24_linux64/bin/../lib/gcc/msp430-elf/7.3.1/../../../../msp430-elf/lib/430/crt0.o
                0x0000000000008ae0                __msp430_init
 .init          0x0000000000008ae0        0x4 /opt/ti/ccsv8/tools/compiler/msp430-gcc-7.3.1.24_linux64/bin/../lib/gcc/msp430-elf/7.3.1/430/crtbegin.o
 .init          0x0000000000008ae4        0x4 /opt/ti/ccsv8/tools/compiler/msp430-gcc-7.3.1.24_linux64/bin/../lib/gcc/msp430-elf/7.3.1/430/crtend.o
 .init          0x0000000000008ae8        0xa /opt/ti/ccsv8/tools/compiler/msp430-gcc-7.3.1.24_linux64/bin/../lib/gcc/msp430-elf/7.3.1/../../../../msp430-elf/lib/430/crtn.o
                0x0000000000008af2                __msp430_init_end
 *(.fini)
 .fini          0x0000000000008af2        0x4 /opt/ti/ccsv8/tools/compiler/msp430-gcc-7.3.1.24_linux64/bin/../lib/gcc/msp430-elf/7.3.1/../../../../msp430-elf/lib/430/crt0.o
                0x0000000000008af2                __msp430_fini
 .fini          0x0000000000008af6        0x4 /opt/ti/ccsv8/tools/compiler/msp430-gcc-7.3.1.24_linux64/bin/../lib/gcc/msp430-elf/7.3.1/430/crtbegin.o
 .fini          0x0000000000008afa        0x2 /opt/ti/ccsv8/tools/compiler/msp430-gcc-7.3.1.24_linux64/bin/../lib/gcc/msp430-elf/7.3.1/../../../../msp430-elf/lib/430/crtn.o
                0x0000000000008afc                __msp430_fini_end
 *(.tm_clone_table)
 .tm_clone_table
                0x0000000000008afc        0x0 /opt/ti/ccsv8/tools/compiler/msp430-gcc-7.3.1.24_linux64/bin/../lib/gcc/msp430-elf/7.3.1/430/crtbegin.o
 .tm_clone_table
                0x0000000000008afc        0x0 /opt/ti/ccsv8/tools/compiler/msp430-gcc-7.3.1.24_linux64/bin/../lib/gcc/msp430-elf/7.3.1/430/crtend.o
                0x0000000000008afc                __TMC_END__

.data           0x0000000000004000        0x0 load address 0x0000000000008afc
                0x0000000000004000                . = ALIGN (0x2)
                0x0000000000004000                PROVIDE (__datastart, .)
 *(.jcr)
 *(.data.rel.ro.local)
 *(.data.rel.ro*)
 *(.dynamic)
 *(.data .data.* .gnu.linkonce.d.*)
 *(.gnu.linkonce.d.*personality*)
 *(.data1)
 *(.got.plt)
 *(.got)
                0x0000000000004000                . = ALIGN (0x2)
 *(.sdata .sdata.* .gnu.linkonce.s.* D_2 D_1)
                0x0000000000004000                . = ALIGN (0x2)
                0x0000000000004000                _edata = .
                [!provide]                        PROVIDE (edata, .)
                [!provide]                        PROVIDE (__dataend, .)
                0x0000000000008afc                PROVIDE (__romdatastart, LOADADDR (.data))
                0x0000000000000000                PROVIDE (__romdatacopysize, SIZEOF (.data))

.bss            0x0000000000004000       0x12 load address 0x0000000000008afc
                0x0000000000004000                . = ALIGN (0x2)
                0x0000000000004000                PROVIDE (__bssstart, .)
 *(.dynbss)
 *(.sbss .sbss.*)
 *(.bss .bss.* .gnu.linkonce.b.*)
 .bss.completed.3056
                0x0000000000004000        0x1 /opt/ti/ccsv8/tools/compiler/msp430-gcc-7.3.1.24_linux64/bin/../lib/gcc/msp430-elf/7.3.1/430/crtbegin.o
 *fill*         0x0000000000004001        0x1 
 .bss.dtor_idx.3058
                0x0000000000004002        0x2 /opt/ti/ccsv8/tools/compiler/msp430-gcc-7.3.1.24_linux64/bin/../lib/gcc/msp430-elf/7.3.1/430/crtbegin.o
 .bss.object.3071
                0x0000000000004004        0xe /opt/ti/ccsv8/tools/compiler/msp430-gcc-7.3.1.24_linux64/bin/../lib/gcc/msp430-elf/7.3.1/430/crtbegin.o
                0x0000000000004012                . = ALIGN (0x2)
 *(COMMON)
                [!provide]                        PROVIDE (__bssend, .)
                0x0000000000000012                PROVIDE (__bsssize, SIZEOF (.bss))

.noinit         0x0000000000004012        0x0 load address 0x0000000000008afc
                0x0000000000004012                . = ALIGN (0x2)
                [!provide]                        PROVIDE (__noinit_start, .)
 *(.noinit)
                0x0000000000004012                . = ALIGN (0x2)
                [!provide]                        PROVIDE (__noinit_end, .)
                0x0000000000004012                end = .

.stack          0x0000000000008000        0x0
                0x0000000000008000                PROVIDE (__stack, .)
 *(.stack)

.MP430.attributes
                0x0000000000000000      0x1b5
 *(.MSP430.attributes)
 .MSP430.attributes
                0x0000000000000000       0x17 /opt/ti/ccsv8/tools/compiler/msp430-gcc-7.3.1.24_linux64/bin/../lib/gcc/msp430-elf/7.3.1/../../../../msp430-elf/lib/430/crt0.o
 .MSP430.attributes
                0x0000000000000017       0x17 /opt/ti/ccsv8/tools/compiler/msp430-gcc-7.3.1.24_linux64/bin/../lib/gcc/msp430-elf/7.3.1/430/crtbegin.o
 .MSP430.attributes
                0x000000000000002e       0x17 ./main.o
 .MSP430.attributes
                0x0000000000000045       0x17 ./uart.o
 .MSP430.attributes
                0x000000000000005c       0x17 /opt/ti/ccsv8/tools/compiler/msp430-gcc-7.3.1.24_linux64/bin/../lib/gcc/msp430-elf/7.3.1/430/libgcc.a(lib2divHI.o)
 .MSP430.attributes
                0x0000000000000073       0x17 /opt/ti/ccsv8/tools/compiler/msp430-gcc-7.3.1.24_linux64/bin/../lib/gcc/msp430-elf/7.3.1/430/libgcc.a(epilogue.o)
 .MSP430.attributes
                0x000000000000008a       0x17 /opt/ti/ccsv8/tools/compiler/msp430-gcc-7.3.1.24_linux64/bin/../lib/gcc/msp430-elf/7.3.1/430/libgcc.a(srli.o)
 .MSP430.attributes
                0x00000000000000a1       0x17 /opt/ti/ccsv8/tools/compiler/msp430-gcc-7.3.1.24_linux64/bin/../lib/gcc/msp430-elf/7.3.1/430/libmul_16.a(lib2hw_mul_16.o)
 .MSP430.attributes
                0x00000000000000b8       0x17 /opt/ti/ccsv8/tools/compiler/msp430-gcc-7.3.1.24_linux64/bin/../lib/gcc/msp430-elf/7.3.1/430/libmul_16.a(lib2_mul_16bit.o)
 .MSP430.attributes
                0x00000000000000cf       0x17 /opt/ti/ccsv8/tools/compiler/msp430-gcc-7.3.1.24_linux64/bin/../lib/gcc/msp430-elf/7.3.1/430/libgcc.a(_muldi3.o)
 .MSP430.attributes
                0x00000000000000e6       0x17 /opt/ti/ccsv8/tools/compiler/msp430-gcc-7.3.1.24_linux64/bin/../lib/gcc/msp430-elf/7.3.1/430/libgcc.a(slli.o)
 .MSP430.attributes
                0x00000000000000fd       0x17 /opt/ti/ccsv8/tools/compiler/msp430-gcc-7.3.1.24_linux64/bin/../lib/gcc/msp430-elf/7.3.1/430/libgcc.a(srai.o)
 .MSP430.attributes
                0x0000000000000114       0x17 /opt/ti/ccsv8/tools/compiler/msp430-gcc-7.3.1.24_linux64/bin/../lib/gcc/msp430-elf/7.3.1/../../../../msp430-elf/lib/430/libcrt.a(crt_bss.o)
 .MSP430.attributes
                0x000000000000012b       0x17 /opt/ti/ccsv8/tools/compiler/msp430-gcc-7.3.1.24_linux64/bin/../lib/gcc/msp430-elf/7.3.1/../../../../msp430-elf/lib/430/libcrt.a(crt_movedata.o)
 .MSP430.attributes
                0x0000000000000142       0x17 /opt/ti/ccsv8/tools/compiler/msp430-gcc-7.3.1.24_linux64/bin/../lib/gcc/msp430-elf/7.3.1/../../../../msp430-elf/lib/430/libcrt.a(crt_main.o)
 .MSP430.attributes
                0x0000000000000159       0x17 /opt/ti/ccsv8/tools/compiler/msp430-gcc-7.3.1.24_linux64/bin/../lib/gcc/msp430-elf/7.3.1/../../../../msp430-elf/lib/430/libc.a(lib_a-memmove.o)
 .MSP430.attributes
                0x0000000000000170       0x17 /opt/ti/ccsv8/tools/compiler/msp430-gcc-7.3.1.24_linux64/bin/../lib/gcc/msp430-elf/7.3.1/../../../../msp430-elf/lib/430/libc.a(lib_a-memset.o)
 .MSP430.attributes
                0x0000000000000187       0x17 /opt/ti/ccsv8/tools/compiler/msp430-gcc-7.3.1.24_linux64/bin/../lib/gcc/msp430-elf/7.3.1/430/crtend.o
 .MSP430.attributes
                0x000000000000019e       0x17 /opt/ti/ccsv8/tools/compiler/msp430-gcc-7.3.1.24_linux64/bin/../lib/gcc/msp430-elf/7.3.1/../../../../msp430-elf/lib/430/crtn.o
 *(.gnu.attributes)
 *(__TI_build_attributes)

.stab
 *(.stab)

.stabstr
 *(.stabstr)

.stab.excl
 *(.stab.excl)

.stab.exclstr
 *(.stab.exclstr)

.stab.index
 *(.stab.index)

.stab.indexstr
 *(.stab.indexstr)

.comment        0x0000000000000000       0x39
 *(.comment)
 .comment       0x0000000000000000       0x39 /opt/ti/ccsv8/tools/compiler/msp430-gcc-7.3.1.24_linux64/bin/../lib/gcc/msp430-elf/7.3.1/430/crtbegin.o
                                         0x3a (size before relaxing)
 .comment       0x0000000000000039       0x3a ./main.o
 .comment       0x0000000000000039       0x3a ./uart.o
 .comment       0x0000000000000039       0x3a /opt/ti/ccsv8/tools/compiler/msp430-gcc-7.3.1.24_linux64/bin/../lib/gcc/msp430-elf/7.3.1/430/libgcc.a(lib2divHI.o)
 .comment       0x0000000000000039       0x3a /opt/ti/ccsv8/tools/compiler/msp430-gcc-7.3.1.24_linux64/bin/../lib/gcc/msp430-elf/7.3.1/430/libmul_16.a(lib2_mul_16bit.o)
 .comment       0x0000000000000039       0x3a /opt/ti/ccsv8/tools/compiler/msp430-gcc-7.3.1.24_linux64/bin/../lib/gcc/msp430-elf/7.3.1/430/libgcc.a(_muldi3.o)
 .comment       0x0000000000000039       0x3a /opt/ti/ccsv8/tools/compiler/msp430-gcc-7.3.1.24_linux64/bin/../lib/gcc/msp430-elf/7.3.1/../../../../msp430-elf/lib/430/libc.a(lib_a-memmove.o)
 .comment       0x0000000000000039       0x3a /opt/ti/ccsv8/tools/compiler/msp430-gcc-7.3.1.24_linux64/bin/../lib/gcc/msp430-elf/7.3.1/../../../../msp430-elf/lib/430/libc.a(lib_a-memset.o)
 .comment       0x0000000000000039       0x3a /opt/ti/ccsv8/tools/compiler/msp430-gcc-7.3.1.24_linux64/bin/../lib/gcc/msp430-elf/7.3.1/430/crtend.o

.debug
 *(.debug)

.line
 *(.line)

.debug_srcinfo
 *(.debug_srcinfo)

.debug_sfnames
 *(.debug_sfnames)

.debug_aranges  0x0000000000000000       0x40
 *(.debug_aranges)
 .debug_aranges
                0x0000000000000000       0x20 ./main.o
 .debug_aranges
                0x0000000000000020       0x20 ./uart.o

.debug_pubnames
 *(.debug_pubnames)

.debug_info     0x0000000000000000      0xe38
 *(.debug_info .gnu.linkonce.wi.*)
 .debug_info    0x0000000000000000      0xcef ./main.o
 .debug_info    0x0000000000000cef      0x149 ./uart.o

.debug_abbrev   0x0000000000000000      0x39d
 *(.debug_abbrev)
 .debug_abbrev  0x0000000000000000      0x295 ./main.o
 .debug_abbrev  0x0000000000000295      0x108 ./uart.o

.debug_line     0x0000000000000000      0x815
 *(.debug_line .debug_line.* .debug_line_end)
 .debug_line    0x0000000000000000      0x68b ./main.o
 .debug_line    0x000000000000068b      0x18a ./uart.o

.debug_frame    0x0000000000000000      0x240
 *(.debug_frame)
 .debug_frame   0x0000000000000000      0x1b4 ./main.o
 .debug_frame   0x00000000000001b4       0x8c ./uart.o

.debug_str      0x0000000000000000      0x630
 *(.debug_str)
 .debug_str     0x0000000000000000      0x5e7 ./main.o
                                        0x671 (size before relaxing)
 .debug_str     0x00000000000005e7       0x49 ./uart.o
                                        0x18f (size before relaxing)

.debug_loc      0x0000000000000000      0x3f5
 *(.debug_loc)
 .debug_loc     0x0000000000000000      0x361 ./main.o
 .debug_loc     0x0000000000000361       0x94 ./uart.o

.debug_macinfo  0x0000000000000000     0xcdf6
 *(.debug_macinfo)
 .debug_macinfo
                0x0000000000000000     0x8d05 ./main.o
 .debug_macinfo
                0x0000000000008d05     0x40f1 ./uart.o

.debug_weaknames
 *(.debug_weaknames)

.debug_funcnames
 *(.debug_funcnames)

.debug_typenames
 *(.debug_typenames)

.debug_varnames
 *(.debug_varnames)

/DISCARD/
 *(.note.GNU-stack)
OUTPUT(bitcount.elf elf32-msp430)

.debug_ranges   0x0000000000000000       0x48
 .debug_ranges  0x0000000000000000       0x18 ./main.o
 .debug_ranges  0x0000000000000018       0x30 ./uart.o
