aes.c:137:16:getSBoxValue	2	static
aes.c:142:16:getSBoxInvert	2	static
aes.c:148:13:KeyExpansion	182	static
aes.c:215:13:AddRoundKey	6	static
aes.c:229:13:SubBytes	8	static
aes.c:244:13:ShiftRows	2	static
aes.c:272:16:xtime	4	static
aes.c:278:13:MixColumns	4	static
aes.c:316:13:InvMixColumns	10	static
aes.c:337:13:InvSubBytes	8	static
aes.c:349:13:InvShiftRows	2	static
aes.c:379:13:Cipher	2	static
aes.c:404:13:InvCipher	2	static
aes.c:429:13:BlockCopy	6	static
aes.c:446:6:AES128_ECB_encrypt	6	static
aes.c:459:6:AES128_ECB_decrypt	6	static
aes.c:482:13:XorWithIv	4	static
aes.c:491:6:AES128_CBC_encrypt_buffer	12	static
aes.c:531:6:AES128_CBC_decrypt_buffer	12	static
