Archive member included to satisfy reference by file (symbol)

/opt/ti/ccsv8/tools/compiler/msp430-gcc-7.3.1.24_linux64/bin/../lib/gcc/msp430-elf/7.3.1/430/libgcc.a(lib2divHI.o)
                              uart.o (__mspabi_divi)
/opt/ti/ccsv8/tools/compiler/msp430-gcc-7.3.1.24_linux64/bin/../lib/gcc/msp430-elf/7.3.1/430/libgcc.a(epilogue.o)
                              main.o (__mspabi_func_epilog_7)
/opt/ti/ccsv8/tools/compiler/msp430-gcc-7.3.1.24_linux64/bin/../lib/gcc/msp430-elf/7.3.1/430/libgcc.a(srli.o)
                              /opt/ti/ccsv8/tools/compiler/msp430-gcc-7.3.1.24_linux64/bin/../lib/gcc/msp430-elf/7.3.1/430/crtbegin.o (__mspabi_srli_15)
/opt/ti/ccsv8/tools/compiler/msp430-gcc-7.3.1.24_linux64/bin/../lib/gcc/msp430-elf/7.3.1/../../../../msp430-elf/lib/430/libcrt.a(crt_bss.o)
                              /opt/ti/ccsv8/tools/compiler/msp430-gcc-7.3.1.24_linux64/bin/../lib/gcc/msp430-elf/7.3.1/430/crtbegin.o (__crt0_init_bss)
/opt/ti/ccsv8/tools/compiler/msp430-gcc-7.3.1.24_linux64/bin/../lib/gcc/msp430-elf/7.3.1/../../../../msp430-elf/lib/430/libcrt.a(crt_movedata.o)
                              /opt/ti/ccsv8/tools/compiler/msp430-gcc-7.3.1.24_linux64/bin/../lib/gcc/msp430-elf/7.3.1/430/crtbegin.o (__crt0_movedata)
/opt/ti/ccsv8/tools/compiler/msp430-gcc-7.3.1.24_linux64/bin/../lib/gcc/msp430-elf/7.3.1/../../../../msp430-elf/lib/430/libcrt.a(crt_main.o)
                              /opt/ti/ccsv8/tools/compiler/msp430-gcc-7.3.1.24_linux64/bin/../lib/gcc/msp430-elf/7.3.1/../../../../msp430-elf/lib/430/crt0.o (__crt0_call_init_then_main)
/opt/ti/ccsv8/tools/compiler/msp430-gcc-7.3.1.24_linux64/bin/../lib/gcc/msp430-elf/7.3.1/../../../../msp430-elf/lib/430/libc.a(lib_a-memmove.o)
                              /opt/ti/ccsv8/tools/compiler/msp430-gcc-7.3.1.24_linux64/bin/../lib/gcc/msp430-elf/7.3.1/../../../../msp430-elf/lib/430/libcrt.a(crt_movedata.o) (memmove)
/opt/ti/ccsv8/tools/compiler/msp430-gcc-7.3.1.24_linux64/bin/../lib/gcc/msp430-elf/7.3.1/../../../../msp430-elf/lib/430/libc.a(lib_a-memset.o)
                              /opt/ti/ccsv8/tools/compiler/msp430-gcc-7.3.1.24_linux64/bin/../lib/gcc/msp430-elf/7.3.1/../../../../msp430-elf/lib/430/libcrt.a(crt_bss.o) (memset)

Allocating common symbols
Common symbol       size              file

periodic_val        0x2               timerA.o

Discarded input sections

 .text          0x0000000000000000        0x0 /opt/ti/ccsv8/tools/compiler/msp430-gcc-7.3.1.24_linux64/bin/../lib/gcc/msp430-elf/7.3.1/../../../../msp430-elf/lib/430/crt0.o
 .data          0x0000000000000000        0x0 /opt/ti/ccsv8/tools/compiler/msp430-gcc-7.3.1.24_linux64/bin/../lib/gcc/msp430-elf/7.3.1/../../../../msp430-elf/lib/430/crt0.o
 .bss           0x0000000000000000        0x0 /opt/ti/ccsv8/tools/compiler/msp430-gcc-7.3.1.24_linux64/bin/../lib/gcc/msp430-elf/7.3.1/../../../../msp430-elf/lib/430/crt0.o
 .text          0x0000000000000000        0x4 /opt/ti/ccsv8/tools/compiler/msp430-gcc-7.3.1.24_linux64/bin/../lib/gcc/msp430-elf/7.3.1/430/crtbegin.o
 .data          0x0000000000000000        0x0 /opt/ti/ccsv8/tools/compiler/msp430-gcc-7.3.1.24_linux64/bin/../lib/gcc/msp430-elf/7.3.1/430/crtbegin.o
 .bss           0x0000000000000000        0x0 /opt/ti/ccsv8/tools/compiler/msp430-gcc-7.3.1.24_linux64/bin/../lib/gcc/msp430-elf/7.3.1/430/crtbegin.o
 .data.__dso_handle
                0x0000000000000000        0x2 /opt/ti/ccsv8/tools/compiler/msp430-gcc-7.3.1.24_linux64/bin/../lib/gcc/msp430-elf/7.3.1/430/crtbegin.o
 .text.call___do_global_dtors_aux
                0x0000000000000000        0x0 /opt/ti/ccsv8/tools/compiler/msp430-gcc-7.3.1.24_linux64/bin/../lib/gcc/msp430-elf/7.3.1/430/crtbegin.o
 .text.call_frame_dummy
                0x0000000000000000        0x0 /opt/ti/ccsv8/tools/compiler/msp430-gcc-7.3.1.24_linux64/bin/../lib/gcc/msp430-elf/7.3.1/430/crtbegin.o
 .bss           0x0000000000000000        0x0 main.o
 .data          0x0000000000000000        0x0 qwark.o
 .bss           0x0000000000000000        0x0 qwark.o
 .data          0x0000000000000000        0x0 timerA.o
 .bss           0x0000000000000000        0x0 timerA.o
 .data          0x0000000000000000        0x0 uart.o
 .bss           0x0000000000000000        0x0 uart.o
 .text          0x0000000000000000        0x0 /opt/ti/ccsv8/tools/compiler/msp430-gcc-7.3.1.24_linux64/bin/../lib/gcc/msp430-elf/7.3.1/430/libgcc.a(lib2divHI.o)
 .data          0x0000000000000000        0x0 /opt/ti/ccsv8/tools/compiler/msp430-gcc-7.3.1.24_linux64/bin/../lib/gcc/msp430-elf/7.3.1/430/libgcc.a(lib2divHI.o)
 .bss           0x0000000000000000        0x0 /opt/ti/ccsv8/tools/compiler/msp430-gcc-7.3.1.24_linux64/bin/../lib/gcc/msp430-elf/7.3.1/430/libgcc.a(lib2divHI.o)
 .text.__udivhi3
                0x0000000000000000        0x8 /opt/ti/ccsv8/tools/compiler/msp430-gcc-7.3.1.24_linux64/bin/../lib/gcc/msp430-elf/7.3.1/430/libgcc.a(lib2divHI.o)
 .text.__umodhi3
                0x0000000000000000        0x8 /opt/ti/ccsv8/tools/compiler/msp430-gcc-7.3.1.24_linux64/bin/../lib/gcc/msp430-elf/7.3.1/430/libgcc.a(lib2divHI.o)
 .data          0x0000000000000000        0x0 /opt/ti/ccsv8/tools/compiler/msp430-gcc-7.3.1.24_linux64/bin/../lib/gcc/msp430-elf/7.3.1/430/libgcc.a(epilogue.o)
 .bss           0x0000000000000000        0x0 /opt/ti/ccsv8/tools/compiler/msp430-gcc-7.3.1.24_linux64/bin/../lib/gcc/msp430-elf/7.3.1/430/libgcc.a(epilogue.o)
 .data          0x0000000000000000        0x0 /opt/ti/ccsv8/tools/compiler/msp430-gcc-7.3.1.24_linux64/bin/../lib/gcc/msp430-elf/7.3.1/430/libgcc.a(srli.o)
 .bss           0x0000000000000000        0x0 /opt/ti/ccsv8/tools/compiler/msp430-gcc-7.3.1.24_linux64/bin/../lib/gcc/msp430-elf/7.3.1/430/libgcc.a(srli.o)
 .text          0x0000000000000000        0x0 /opt/ti/ccsv8/tools/compiler/msp430-gcc-7.3.1.24_linux64/bin/../lib/gcc/msp430-elf/7.3.1/../../../../msp430-elf/lib/430/libcrt.a(crt_bss.o)
 .data          0x0000000000000000        0x0 /opt/ti/ccsv8/tools/compiler/msp430-gcc-7.3.1.24_linux64/bin/../lib/gcc/msp430-elf/7.3.1/../../../../msp430-elf/lib/430/libcrt.a(crt_bss.o)
 .bss           0x0000000000000000        0x0 /opt/ti/ccsv8/tools/compiler/msp430-gcc-7.3.1.24_linux64/bin/../lib/gcc/msp430-elf/7.3.1/../../../../msp430-elf/lib/430/libcrt.a(crt_bss.o)
 .text          0x0000000000000000        0x0 /opt/ti/ccsv8/tools/compiler/msp430-gcc-7.3.1.24_linux64/bin/../lib/gcc/msp430-elf/7.3.1/../../../../msp430-elf/lib/430/libcrt.a(crt_movedata.o)
 .data          0x0000000000000000        0x0 /opt/ti/ccsv8/tools/compiler/msp430-gcc-7.3.1.24_linux64/bin/../lib/gcc/msp430-elf/7.3.1/../../../../msp430-elf/lib/430/libcrt.a(crt_movedata.o)
 .bss           0x0000000000000000        0x0 /opt/ti/ccsv8/tools/compiler/msp430-gcc-7.3.1.24_linux64/bin/../lib/gcc/msp430-elf/7.3.1/../../../../msp430-elf/lib/430/libcrt.a(crt_movedata.o)
 .text          0x0000000000000000        0x0 /opt/ti/ccsv8/tools/compiler/msp430-gcc-7.3.1.24_linux64/bin/../lib/gcc/msp430-elf/7.3.1/../../../../msp430-elf/lib/430/libcrt.a(crt_main.o)
 .data          0x0000000000000000        0x0 /opt/ti/ccsv8/tools/compiler/msp430-gcc-7.3.1.24_linux64/bin/../lib/gcc/msp430-elf/7.3.1/../../../../msp430-elf/lib/430/libcrt.a(crt_main.o)
 .bss           0x0000000000000000        0x0 /opt/ti/ccsv8/tools/compiler/msp430-gcc-7.3.1.24_linux64/bin/../lib/gcc/msp430-elf/7.3.1/../../../../msp430-elf/lib/430/libcrt.a(crt_main.o)
 .text          0x0000000000000000        0x0 /opt/ti/ccsv8/tools/compiler/msp430-gcc-7.3.1.24_linux64/bin/../lib/gcc/msp430-elf/7.3.1/../../../../msp430-elf/lib/430/libc.a(lib_a-memmove.o)
 .data          0x0000000000000000        0x0 /opt/ti/ccsv8/tools/compiler/msp430-gcc-7.3.1.24_linux64/bin/../lib/gcc/msp430-elf/7.3.1/../../../../msp430-elf/lib/430/libc.a(lib_a-memmove.o)
 .bss           0x0000000000000000        0x0 /opt/ti/ccsv8/tools/compiler/msp430-gcc-7.3.1.24_linux64/bin/../lib/gcc/msp430-elf/7.3.1/../../../../msp430-elf/lib/430/libc.a(lib_a-memmove.o)
 .text          0x0000000000000000        0x0 /opt/ti/ccsv8/tools/compiler/msp430-gcc-7.3.1.24_linux64/bin/../lib/gcc/msp430-elf/7.3.1/../../../../msp430-elf/lib/430/libc.a(lib_a-memset.o)
 .data          0x0000000000000000        0x0 /opt/ti/ccsv8/tools/compiler/msp430-gcc-7.3.1.24_linux64/bin/../lib/gcc/msp430-elf/7.3.1/../../../../msp430-elf/lib/430/libc.a(lib_a-memset.o)
 .bss           0x0000000000000000        0x0 /opt/ti/ccsv8/tools/compiler/msp430-gcc-7.3.1.24_linux64/bin/../lib/gcc/msp430-elf/7.3.1/../../../../msp430-elf/lib/430/libc.a(lib_a-memset.o)
 .text          0x0000000000000000        0x2 /opt/ti/ccsv8/tools/compiler/msp430-gcc-7.3.1.24_linux64/bin/../lib/gcc/msp430-elf/7.3.1/430/crtend.o
 .data          0x0000000000000000        0x0 /opt/ti/ccsv8/tools/compiler/msp430-gcc-7.3.1.24_linux64/bin/../lib/gcc/msp430-elf/7.3.1/430/crtend.o
 .bss           0x0000000000000000        0x0 /opt/ti/ccsv8/tools/compiler/msp430-gcc-7.3.1.24_linux64/bin/../lib/gcc/msp430-elf/7.3.1/430/crtend.o
 .text.call___do_global_ctors_aux
                0x0000000000000000        0x0 /opt/ti/ccsv8/tools/compiler/msp430-gcc-7.3.1.24_linux64/bin/../lib/gcc/msp430-elf/7.3.1/430/crtend.o
 .text          0x0000000000000000        0x0 /opt/ti/ccsv8/tools/compiler/msp430-gcc-7.3.1.24_linux64/bin/../lib/gcc/msp430-elf/7.3.1/../../../../msp430-elf/lib/430/crtn.o
 .data          0x0000000000000000        0x0 /opt/ti/ccsv8/tools/compiler/msp430-gcc-7.3.1.24_linux64/bin/../lib/gcc/msp430-elf/7.3.1/../../../../msp430-elf/lib/430/crtn.o
 .bss           0x0000000000000000        0x0 /opt/ti/ccsv8/tools/compiler/msp430-gcc-7.3.1.24_linux64/bin/../lib/gcc/msp430-elf/7.3.1/../../../../msp430-elf/lib/430/crtn.o

Memory Configuration

Name             Origin             Length             Attributes
SFR              0x0000000000000000 0x0000000000000010
PERIPHERAL_8BIT  0x0000000000000010 0x00000000000000f0
PERIPHERAL_16BIT 0x0000000000000100 0x0000000000003f00
RAM              0x0000000000004000 0x0000000000004000
ROM              0x0000000000008000 0x0000000000007fe0 xr
VECT1            0x000000000000ffe0 0x0000000000000002
VECT2            0x000000000000ffe2 0x0000000000000002
VECT3            0x000000000000ffe4 0x0000000000000002
VECT4            0x000000000000ffe6 0x0000000000000002
VECT5            0x000000000000ffe8 0x0000000000000002
VECT6            0x000000000000ffea 0x0000000000000002
VECT7            0x000000000000ffec 0x0000000000000002
VECT8            0x000000000000ffee 0x0000000000000002
VECT9            0x000000000000fff0 0x0000000000000002
VECT10           0x000000000000fff2 0x0000000000000002
VECT11           0x000000000000fff4 0x0000000000000002
VECT12           0x000000000000fff6 0x0000000000000002
VECT13           0x000000000000fff8 0x0000000000000002
VECT14           0x000000000000fffa 0x0000000000000002
VECT15           0x000000000000fffc 0x0000000000000002
RESETVEC         0x000000000000fffe 0x0000000000000002
*default*        0x0000000000000000 0xffffffffffffffff

Linker script and memory map

LOAD /opt/ti/ccsv8/tools/compiler/msp430-gcc-7.3.1.24_linux64/bin/../lib/gcc/msp430-elf/7.3.1/../../../../msp430-elf/lib/430/crt0.o
LOAD /opt/ti/ccsv8/tools/compiler/msp430-gcc-7.3.1.24_linux64/bin/../lib/gcc/msp430-elf/7.3.1/430/crtbegin.o
LOAD main.o
LOAD qwark.o
LOAD timerA.o
LOAD uart.o
LOAD /opt/ti/ccsv8/tools/compiler/msp430-gcc-7.3.1.24_linux64/bin/../lib/gcc/msp430-elf/7.3.1/430/libgcc.a
START GROUP
LOAD /opt/ti/ccsv8/tools/compiler/msp430-gcc-7.3.1.24_linux64/bin/../lib/gcc/msp430-elf/7.3.1/430/libmul_16.a
LOAD /opt/ti/ccsv8/tools/compiler/msp430-gcc-7.3.1.24_linux64/bin/../lib/gcc/msp430-elf/7.3.1/../../../../msp430-elf/lib/430/libc.a
LOAD /opt/ti/ccsv8/tools/compiler/msp430-gcc-7.3.1.24_linux64/bin/../lib/gcc/msp430-elf/7.3.1/430/libgcc.a
LOAD /opt/ti/ccsv8/tools/compiler/msp430-gcc-7.3.1.24_linux64/bin/../lib/gcc/msp430-elf/7.3.1/../../../../msp430-elf/lib/430/libcrt.a
LOAD /opt/ti/ccsv8/tools/compiler/msp430-gcc-7.3.1.24_linux64/bin/../lib/gcc/msp430-elf/7.3.1/../../../../msp430-elf/lib/430/libnosys.a
END GROUP
LOAD /opt/ti/ccsv8/tools/compiler/msp430-gcc-7.3.1.24_linux64/bin/../lib/gcc/msp430-elf/7.3.1/430/libgcc.a
LOAD /opt/ti/ccsv8/tools/compiler/msp430-gcc-7.3.1.24_linux64/bin/../lib/gcc/msp430-elf/7.3.1/430/crtend.o
LOAD /opt/ti/ccsv8/tools/compiler/msp430-gcc-7.3.1.24_linux64/bin/../lib/gcc/msp430-elf/7.3.1/../../../../msp430-elf/lib/430/crtn.o
LOAD /opt/ti/ccsv8/tools/compiler/msp430-gcc-7.3.1.24_linux64/bin/../lib/gcc/msp430-elf/7.3.1/430/libgcc.a

__interrupt_vector_1
 *(__interrupt_vector_1)

__interrupt_vector_2
 *(__interrupt_vector_2)

__interrupt_vector_3
 *(__interrupt_vector_3)
 *(__interrupt_vector_port1)

__interrupt_vector_4
 *(__interrupt_vector_4)
 *(__interrupt_vector_port2)

__interrupt_vector_5
                0x000000000000ffe8        0x2
 *(__interrupt_vector_5)
 __interrupt_vector_5
                0x000000000000ffe8        0x2 qwark.o
 *(__interrupt_vector_qwark)

__interrupt_vector_6
 *(__interrupt_vector_6)

__interrupt_vector_7
 *(__interrupt_vector_7)

__interrupt_vector_8
 *(__interrupt_vector_8)

__interrupt_vector_9
                0x000000000000fff0        0x2
 *(__interrupt_vector_9)
 __interrupt_vector_9
                0x000000000000fff0        0x2 timerA.o
 *(__interrupt_vector_timera1)

__interrupt_vector_10
 *(__interrupt_vector_10)
 *(__interrupt_vector_timera0)

__interrupt_vector_11
 *(__interrupt_vector_11)
 *(__interrupt_vector_wdt)

__interrupt_vector_12
 *(__interrupt_vector_12)

__interrupt_vector_13
 *(__interrupt_vector_13)

__interrupt_vector_14
 *(__interrupt_vector_14)

__interrupt_vector_15
 *(__interrupt_vector_15)
 *(__interrupt_vector_nmi)

__reset_vector  0x000000000000fffe        0x2
 *(__interrupt_vector_16)
 *(__interrupt_vector_reset)
 *(.resetvec)
 .resetvec      0x000000000000fffe        0x2 /opt/ti/ccsv8/tools/compiler/msp430-gcc-7.3.1.24_linux64/bin/../lib/gcc/msp430-elf/7.3.1/../../../../msp430-elf/lib/430/crt0.o

.rodata         0x0000000000008000       0x2c
                0x0000000000008000                . = ALIGN (0x2)
 *(.plt)
 *(.rodata .rodata.* .gnu.linkonce.r.* .const .const:*)
 .rodata        0x0000000000008000       0x1a main.o
 *(.rodata1)
 *(.eh_frame_hdr)
 *(.eh_frame)
 *fill*         0x000000000000801a        0x2 
 .eh_frame      0x000000000000801c        0x0 /opt/ti/ccsv8/tools/compiler/msp430-gcc-7.3.1.24_linux64/bin/../lib/gcc/msp430-elf/7.3.1/430/crtbegin.o
 .eh_frame      0x000000000000801c        0x4 /opt/ti/ccsv8/tools/compiler/msp430-gcc-7.3.1.24_linux64/bin/../lib/gcc/msp430-elf/7.3.1/430/crtend.o
 *(.gcc_except_table)
 *(.gcc_except_table.*)
                0x0000000000008020                PROVIDE (__preinit_array_start, .)
 *(.preinit_array)
                0x0000000000008020                PROVIDE (__preinit_array_end, .)
                0x0000000000008020                PROVIDE (__init_array_start, .)
 *(SORT(.init_array.*))
 *(.init_array)
                0x0000000000008020                PROVIDE (__init_array_end, .)
                0x0000000000008020                PROVIDE (__fini_array_start, .)
 *(.fini_array)
 *(SORT(.fini_array.*))
                0x0000000000008020                PROVIDE (__fini_array_end, .)
                0x0000000000008020        0x4 LONG 0x0
 *crtbegin*.o(.ctors)
 .ctors         0x0000000000008024        0x2 /opt/ti/ccsv8/tools/compiler/msp430-gcc-7.3.1.24_linux64/bin/../lib/gcc/msp430-elf/7.3.1/430/crtbegin.o
 *(EXCLUDE_FILE(*crtend*.o) .ctors)
 *(SORT(.ctors.*))
 *(.ctors)
 .ctors         0x0000000000008026        0x2 /opt/ti/ccsv8/tools/compiler/msp430-gcc-7.3.1.24_linux64/bin/../lib/gcc/msp430-elf/7.3.1/430/crtend.o
 *crtbegin*.o(.dtors)
 .dtors         0x0000000000008028        0x2 /opt/ti/ccsv8/tools/compiler/msp430-gcc-7.3.1.24_linux64/bin/../lib/gcc/msp430-elf/7.3.1/430/crtbegin.o
 *(EXCLUDE_FILE(*crtend*.o) .dtors)
 *(SORT(.dtors.*))
 *(.dtors)
 .dtors         0x000000000000802a        0x2 /opt/ti/ccsv8/tools/compiler/msp430-gcc-7.3.1.24_linux64/bin/../lib/gcc/msp430-elf/7.3.1/430/crtend.o
                0x000000000000802a                __DTOR_END__

.text           0x000000000000802c      0xdfc
                0x000000000000802c                . = ALIGN (0x2)
                0x000000000000802c                PROVIDE (_start, .)
 *(SORT(.crt_*))
 .crt_0000start
                0x000000000000802c        0x4 /opt/ti/ccsv8/tools/compiler/msp430-gcc-7.3.1.24_linux64/bin/../lib/gcc/msp430-elf/7.3.1/../../../../msp430-elf/lib/430/crt0.o
                0x000000000000802c                __crt0_start
 .crt_0001_qwark
                0x0000000000008030      0x150 qwark.o
                0x0000000000008030                qwark_restore
 .crt_0100init_bss
                0x0000000000008180        0xe /opt/ti/ccsv8/tools/compiler/msp430-gcc-7.3.1.24_linux64/bin/../lib/gcc/msp430-elf/7.3.1/../../../../msp430-elf/lib/430/libcrt.a(crt_bss.o)
                0x0000000000008180                __crt0_init_bss
 .crt_0300movedata
                0x000000000000818e       0x14 /opt/ti/ccsv8/tools/compiler/msp430-gcc-7.3.1.24_linux64/bin/../lib/gcc/msp430-elf/7.3.1/../../../../msp430-elf/lib/430/libcrt.a(crt_movedata.o)
                0x000000000000818e                __crt0_movedata
 .crt_0700call_init_then_main
                0x00000000000081a2        0xa /opt/ti/ccsv8/tools/compiler/msp430-gcc-7.3.1.24_linux64/bin/../lib/gcc/msp430-elf/7.3.1/../../../../msp430-elf/lib/430/libcrt.a(crt_main.o)
                0x00000000000081a2                __crt0_call_init_then_main
 .crt_0900main_init
                0x00000000000081ac       0x3c /opt/ti/ccsv8/tools/compiler/msp430-gcc-7.3.1.24_linux64/bin/../lib/gcc/msp430-elf/7.3.1/../../../../msp430-elf/lib/430/crt0.o
                0x00000000000081ac                _msp430_run_init_array
                0x00000000000081ba                _msp430_run_preinit_array
                0x00000000000081c8                _msp430_run_fini_array
 *(.lowtext .text .stub .text.* .gnu.linkonce.t.* .text:*)
 .text.deregister_tm_clones
                0x00000000000081e8       0x1a /opt/ti/ccsv8/tools/compiler/msp430-gcc-7.3.1.24_linux64/bin/../lib/gcc/msp430-elf/7.3.1/430/crtbegin.o
 .text.register_tm_clones
                0x0000000000008202       0x2e /opt/ti/ccsv8/tools/compiler/msp430-gcc-7.3.1.24_linux64/bin/../lib/gcc/msp430-elf/7.3.1/430/crtbegin.o
 .text.__do_global_dtors_aux
                0x0000000000008230       0x4e /opt/ti/ccsv8/tools/compiler/msp430-gcc-7.3.1.24_linux64/bin/../lib/gcc/msp430-elf/7.3.1/430/crtbegin.o
 .text.frame_dummy
                0x000000000000827e       0x18 /opt/ti/ccsv8/tools/compiler/msp430-gcc-7.3.1.24_linux64/bin/../lib/gcc/msp430-elf/7.3.1/430/crtbegin.o
 .text          0x0000000000008296      0x6ca main.o
                0x0000000000008296                btbl_bitcnt
                0x00000000000082e6                bit_count
                0x000000000000832a                bitcount
                0x000000000000848e                ntbl_bitcount
                0x000000000000854c                BW_btbl_bitcount
                0x0000000000008590                AR_btbl_bitcount
                0x00000000000085fe                ntbl_bitcnt
                0x0000000000008696                init
                0x00000000000086c2                main
 .text          0x0000000000008960      0x160 qwark.o
                0x0000000000008960                INT_Qwark
 .text          0x0000000000008ac0       0x5a timerA.o
                0x0000000000008ac0                ta_wait_no_lpm
                0x0000000000008ae2                ta_wait
                0x0000000000008b04                INT_timerA1
 .text          0x0000000000008b1a      0x10a uart.o
                0x0000000000008b1a                UART_WriteChar
                0x0000000000008b3e                UART_WriteNumber
                0x0000000000008bf0                UART_WriteString
 .text.udivmodhi4
                0x0000000000008c24       0x40 /opt/ti/ccsv8/tools/compiler/msp430-gcc-7.3.1.24_linux64/bin/../lib/gcc/msp430-elf/7.3.1/430/libgcc.a(lib2divHI.o)
                0x0000000000008c24                udivmodhi4
 .text.__divhi3
                0x0000000000008c64       0x4c /opt/ti/ccsv8/tools/compiler/msp430-gcc-7.3.1.24_linux64/bin/../lib/gcc/msp430-elf/7.3.1/430/libgcc.a(lib2divHI.o)
                0x0000000000008c64                __mspabi_divi
 .text.__modhi3
                0x0000000000008cb0       0x32 /opt/ti/ccsv8/tools/compiler/msp430-gcc-7.3.1.24_linux64/bin/../lib/gcc/msp430-elf/7.3.1/430/libgcc.a(lib2divHI.o)
                0x0000000000008cb0                __mspabi_remi
 .text          0x0000000000008ce2       0x10 /opt/ti/ccsv8/tools/compiler/msp430-gcc-7.3.1.24_linux64/bin/../lib/gcc/msp430-elf/7.3.1/430/libgcc.a(epilogue.o)
                0x0000000000008ce2                __mspabi_func_epilog_7
                0x0000000000008ce4                __mspabi_func_epilog_6
                0x0000000000008ce6                __mspabi_func_epilog_5
                0x0000000000008ce8                __mspabi_func_epilog_4
                0x0000000000008cea                __mspabi_func_epilog_3
                0x0000000000008cec                __mspabi_func_epilog_2
                0x0000000000008cee                __mspabi_func_epilog_1
 .text          0x0000000000008cf2       0xb4 /opt/ti/ccsv8/tools/compiler/msp430-gcc-7.3.1.24_linux64/bin/../lib/gcc/msp430-elf/7.3.1/430/libgcc.a(srli.o)
                0x0000000000008cf2                __mspabi_srli_15
                0x0000000000008cf6                __mspabi_srli_14
                0x0000000000008cfa                __mspabi_srli_13
                0x0000000000008cfe                __mspabi_srli_12
                0x0000000000008d02                __mspabi_srli_11
                0x0000000000008d06                __mspabi_srli_10
                0x0000000000008d0a                __mspabi_srli_9
                0x0000000000008d0e                __mspabi_srli_8
                0x0000000000008d12                __mspabi_srli_7
                0x0000000000008d16                __mspabi_srli_6
                0x0000000000008d1a                __mspabi_srli_5
                0x0000000000008d1e                __mspabi_srli_4
                0x0000000000008d22                __mspabi_srli_3
                0x0000000000008d26                __mspabi_srli_2
                0x0000000000008d2a                __mspabi_srli_1
                0x0000000000008d36                __mspabi_srli
                0x0000000000008d3c                __mspabi_srll_15
                0x0000000000008d42                __mspabi_srll_14
                0x0000000000008d48                __mspabi_srll_13
                0x0000000000008d4e                __mspabi_srll_12
                0x0000000000008d54                __mspabi_srll_11
                0x0000000000008d5a                __mspabi_srll_10
                0x0000000000008d60                __mspabi_srll_9
                0x0000000000008d66                __mspabi_srll_8
                0x0000000000008d6c                __mspabi_srll_7
                0x0000000000008d72                __mspabi_srll_6
                0x0000000000008d78                __mspabi_srll_5
                0x0000000000008d7e                __mspabi_srll_4
                0x0000000000008d84                __mspabi_srll_3
                0x0000000000008d8a                __mspabi_srll_2
                0x0000000000008d90                __mspabi_srll_1
                0x0000000000008da0                __mspabi_srll
 .text.memmove  0x0000000000008da6       0x38 /opt/ti/ccsv8/tools/compiler/msp430-gcc-7.3.1.24_linux64/bin/../lib/gcc/msp430-elf/7.3.1/../../../../msp430-elf/lib/430/libc.a(lib_a-memmove.o)
                0x0000000000008da6                memmove
 .text.memset   0x0000000000008dde       0x14 /opt/ti/ccsv8/tools/compiler/msp430-gcc-7.3.1.24_linux64/bin/../lib/gcc/msp430-elf/7.3.1/../../../../msp430-elf/lib/430/libc.a(lib_a-memset.o)
                0x0000000000008dde                memset
 .text.__do_global_ctors_aux
                0x0000000000008df2       0x1a /opt/ti/ccsv8/tools/compiler/msp430-gcc-7.3.1.24_linux64/bin/../lib/gcc/msp430-elf/7.3.1/430/crtend.o
 *(.text.*personality*)
 *(.gnu.warning)
 *(.interp .hash .dynsym .dynstr .gnu.version*)
                [!provide]                        PROVIDE (__etext, .)
                [!provide]                        PROVIDE (_etext, .)
                [!provide]                        PROVIDE (etext, .)
                0x0000000000008e0c                . = ALIGN (0x2)
 *(.init)
 .init          0x0000000000008e0c        0x0 /opt/ti/ccsv8/tools/compiler/msp430-gcc-7.3.1.24_linux64/bin/../lib/gcc/msp430-elf/7.3.1/../../../../msp430-elf/lib/430/crt0.o
                0x0000000000008e0c                __msp430_init
 .init          0x0000000000008e0c        0x4 /opt/ti/ccsv8/tools/compiler/msp430-gcc-7.3.1.24_linux64/bin/../lib/gcc/msp430-elf/7.3.1/430/crtbegin.o
 .init          0x0000000000008e10        0x4 /opt/ti/ccsv8/tools/compiler/msp430-gcc-7.3.1.24_linux64/bin/../lib/gcc/msp430-elf/7.3.1/430/crtend.o
 .init          0x0000000000008e14        0xa /opt/ti/ccsv8/tools/compiler/msp430-gcc-7.3.1.24_linux64/bin/../lib/gcc/msp430-elf/7.3.1/../../../../msp430-elf/lib/430/crtn.o
                0x0000000000008e1e                __msp430_init_end
 *(.fini)
 .fini          0x0000000000008e1e        0x4 /opt/ti/ccsv8/tools/compiler/msp430-gcc-7.3.1.24_linux64/bin/../lib/gcc/msp430-elf/7.3.1/../../../../msp430-elf/lib/430/crt0.o
                0x0000000000008e1e                __msp430_fini
 .fini          0x0000000000008e22        0x4 /opt/ti/ccsv8/tools/compiler/msp430-gcc-7.3.1.24_linux64/bin/../lib/gcc/msp430-elf/7.3.1/430/crtbegin.o
 .fini          0x0000000000008e26        0x2 /opt/ti/ccsv8/tools/compiler/msp430-gcc-7.3.1.24_linux64/bin/../lib/gcc/msp430-elf/7.3.1/../../../../msp430-elf/lib/430/crtn.o
                0x0000000000008e28                __msp430_fini_end
 *(.tm_clone_table)
 .tm_clone_table
                0x0000000000008e28        0x0 /opt/ti/ccsv8/tools/compiler/msp430-gcc-7.3.1.24_linux64/bin/../lib/gcc/msp430-elf/7.3.1/430/crtbegin.o
 .tm_clone_table
                0x0000000000008e28        0x0 /opt/ti/ccsv8/tools/compiler/msp430-gcc-7.3.1.24_linux64/bin/../lib/gcc/msp430-elf/7.3.1/430/crtend.o
                0x0000000000008e28                __TMC_END__

.data           0x0000000000004000      0x10e load address 0x0000000000008e28
                0x0000000000004000                . = ALIGN (0x2)
                0x0000000000004000                PROVIDE (__datastart, .)
 *(.jcr)
 *(.data.rel.ro.local)
 *(.data.rel.ro*)
 *(.dynamic)
 *(.data .data.* .gnu.linkonce.d.*)
 .data          0x0000000000004000      0x10e main.o
                0x0000000000004000                n_0
                0x0000000000004002                n_1
                0x0000000000004004                n_2
                0x0000000000004006                n_3
                0x0000000000004008                n_4
                0x000000000000400a                n_5
                0x000000000000400c                n_6
                0x000000000000400e                bits
 *(.gnu.linkonce.d.*personality*)
 *(.data1)
 *(.got.plt)
 *(.got)
                0x000000000000410e                . = ALIGN (0x2)
 *(.sdata .sdata.* .gnu.linkonce.s.* D_2 D_1)
                0x000000000000410e                . = ALIGN (0x2)
                0x000000000000410e                _edata = .
                [!provide]                        PROVIDE (edata, .)
                [!provide]                        PROVIDE (__dataend, .)
                0x0000000000008e28                PROVIDE (__romdatastart, LOADADDR (.data))
                0x000000000000010e                PROVIDE (__romdatacopysize, SIZEOF (.data))

.bss            0x000000000000410e       0x14 load address 0x0000000000008f36
                0x000000000000410e                . = ALIGN (0x2)
                0x000000000000410e                PROVIDE (__bssstart, .)
 *(.dynbss)
 *(.sbss .sbss.*)
 *(.bss .bss.* .gnu.linkonce.b.*)
 .bss.completed.3056
                0x000000000000410e        0x1 /opt/ti/ccsv8/tools/compiler/msp430-gcc-7.3.1.24_linux64/bin/../lib/gcc/msp430-elf/7.3.1/430/crtbegin.o
 *fill*         0x000000000000410f        0x1 
 .bss.dtor_idx.3058
                0x0000000000004110        0x2 /opt/ti/ccsv8/tools/compiler/msp430-gcc-7.3.1.24_linux64/bin/../lib/gcc/msp430-elf/7.3.1/430/crtbegin.o
 .bss.object.3071
                0x0000000000004112        0xe /opt/ti/ccsv8/tools/compiler/msp430-gcc-7.3.1.24_linux64/bin/../lib/gcc/msp430-elf/7.3.1/430/crtbegin.o
                0x0000000000004120                . = ALIGN (0x2)
 *(COMMON)
 COMMON         0x0000000000004120        0x2 timerA.o
                0x0000000000004120                periodic_val
                [!provide]                        PROVIDE (__bssend, .)
                0x0000000000000014                PROVIDE (__bsssize, SIZEOF (.bss))

.noinit         0x0000000000004122        0x0 load address 0x0000000000008f36
                0x0000000000004122                . = ALIGN (0x2)
                [!provide]                        PROVIDE (__noinit_start, .)
 *(.noinit)
                0x0000000000004122                . = ALIGN (0x2)
                [!provide]                        PROVIDE (__noinit_end, .)
                0x0000000000004122                end = .

.stack          0x0000000000008000        0x0
                0x0000000000008000                PROVIDE (__stack, .)
 *(.stack)

.MP430.attributes
                0x0000000000000000      0x170
 *(.MSP430.attributes)
 .MSP430.attributes
                0x0000000000000000       0x17 /opt/ti/ccsv8/tools/compiler/msp430-gcc-7.3.1.24_linux64/bin/../lib/gcc/msp430-elf/7.3.1/../../../../msp430-elf/lib/430/crt0.o
 .MSP430.attributes
                0x0000000000000017       0x17 /opt/ti/ccsv8/tools/compiler/msp430-gcc-7.3.1.24_linux64/bin/../lib/gcc/msp430-elf/7.3.1/430/crtbegin.o
 .MSP430.attributes
                0x000000000000002e       0x17 main.o
 .MSP430.attributes
                0x0000000000000045       0x17 qwark.o
 .MSP430.attributes
                0x000000000000005c       0x17 timerA.o
 .MSP430.attributes
                0x0000000000000073       0x17 uart.o
 .MSP430.attributes
                0x000000000000008a       0x17 /opt/ti/ccsv8/tools/compiler/msp430-gcc-7.3.1.24_linux64/bin/../lib/gcc/msp430-elf/7.3.1/430/libgcc.a(lib2divHI.o)
 .MSP430.attributes
                0x00000000000000a1       0x17 /opt/ti/ccsv8/tools/compiler/msp430-gcc-7.3.1.24_linux64/bin/../lib/gcc/msp430-elf/7.3.1/430/libgcc.a(epilogue.o)
 .MSP430.attributes
                0x00000000000000b8       0x17 /opt/ti/ccsv8/tools/compiler/msp430-gcc-7.3.1.24_linux64/bin/../lib/gcc/msp430-elf/7.3.1/430/libgcc.a(srli.o)
 .MSP430.attributes
                0x00000000000000cf       0x17 /opt/ti/ccsv8/tools/compiler/msp430-gcc-7.3.1.24_linux64/bin/../lib/gcc/msp430-elf/7.3.1/../../../../msp430-elf/lib/430/libcrt.a(crt_bss.o)
 .MSP430.attributes
                0x00000000000000e6       0x17 /opt/ti/ccsv8/tools/compiler/msp430-gcc-7.3.1.24_linux64/bin/../lib/gcc/msp430-elf/7.3.1/../../../../msp430-elf/lib/430/libcrt.a(crt_movedata.o)
 .MSP430.attributes
                0x00000000000000fd       0x17 /opt/ti/ccsv8/tools/compiler/msp430-gcc-7.3.1.24_linux64/bin/../lib/gcc/msp430-elf/7.3.1/../../../../msp430-elf/lib/430/libcrt.a(crt_main.o)
 .MSP430.attributes
                0x0000000000000114       0x17 /opt/ti/ccsv8/tools/compiler/msp430-gcc-7.3.1.24_linux64/bin/../lib/gcc/msp430-elf/7.3.1/../../../../msp430-elf/lib/430/libc.a(lib_a-memmove.o)
 .MSP430.attributes
                0x000000000000012b       0x17 /opt/ti/ccsv8/tools/compiler/msp430-gcc-7.3.1.24_linux64/bin/../lib/gcc/msp430-elf/7.3.1/../../../../msp430-elf/lib/430/libc.a(lib_a-memset.o)
 .MSP430.attributes
                0x0000000000000142       0x17 /opt/ti/ccsv8/tools/compiler/msp430-gcc-7.3.1.24_linux64/bin/../lib/gcc/msp430-elf/7.3.1/430/crtend.o
 .MSP430.attributes
                0x0000000000000159       0x17 /opt/ti/ccsv8/tools/compiler/msp430-gcc-7.3.1.24_linux64/bin/../lib/gcc/msp430-elf/7.3.1/../../../../msp430-elf/lib/430/crtn.o
 *(.gnu.attributes)
 *(__TI_build_attributes)

.stab
 *(.stab)

.stabstr
 *(.stabstr)

.stab.excl
 *(.stab.excl)

.stab.exclstr
 *(.stab.exclstr)

.stab.index
 *(.stab.index)

.stab.indexstr
 *(.stab.indexstr)

.comment        0x0000000000000000       0x39
 *(.comment)
 .comment       0x0000000000000000       0x39 /opt/ti/ccsv8/tools/compiler/msp430-gcc-7.3.1.24_linux64/bin/../lib/gcc/msp430-elf/7.3.1/430/crtbegin.o
                                         0x3a (size before relaxing)
 .comment       0x0000000000000039       0x3a main.o
 .comment       0x0000000000000039       0x3a qwark.o
 .comment       0x0000000000000039       0x3a timerA.o
 .comment       0x0000000000000039       0x3a uart.o
 .comment       0x0000000000000039       0x3a /opt/ti/ccsv8/tools/compiler/msp430-gcc-7.3.1.24_linux64/bin/../lib/gcc/msp430-elf/7.3.1/430/libgcc.a(lib2divHI.o)
 .comment       0x0000000000000039       0x3a /opt/ti/ccsv8/tools/compiler/msp430-gcc-7.3.1.24_linux64/bin/../lib/gcc/msp430-elf/7.3.1/../../../../msp430-elf/lib/430/libc.a(lib_a-memmove.o)
 .comment       0x0000000000000039       0x3a /opt/ti/ccsv8/tools/compiler/msp430-gcc-7.3.1.24_linux64/bin/../lib/gcc/msp430-elf/7.3.1/../../../../msp430-elf/lib/430/libc.a(lib_a-memset.o)
 .comment       0x0000000000000039       0x3a /opt/ti/ccsv8/tools/compiler/msp430-gcc-7.3.1.24_linux64/bin/../lib/gcc/msp430-elf/7.3.1/430/crtend.o

.debug
 *(.debug)

.line
 *(.line)

.debug_srcinfo
 *(.debug_srcinfo)

.debug_sfnames
 *(.debug_sfnames)

.debug_aranges  0x0000000000000000       0x88
 *(.debug_aranges)
 .debug_aranges
                0x0000000000000000       0x20 main.o
 .debug_aranges
                0x0000000000000020       0x28 qwark.o
 .debug_aranges
                0x0000000000000048       0x20 timerA.o
 .debug_aranges
                0x0000000000000068       0x20 uart.o

.debug_pubnames
 *(.debug_pubnames)

.debug_info     0x0000000000000000      0xd45
 *(.debug_info .gnu.linkonce.wi.*)
 .debug_info    0x0000000000000000      0xb64 main.o
 .debug_info    0x0000000000000b64       0x58 qwark.o
 .debug_info    0x0000000000000bbc       0x9e timerA.o
 .debug_info    0x0000000000000c5a       0xeb uart.o

.debug_abbrev   0x0000000000000000      0x366
 *(.debug_abbrev)
 .debug_abbrev  0x0000000000000000      0x1f7 main.o
 .debug_abbrev  0x00000000000001f7       0x4b qwark.o
 .debug_abbrev  0x0000000000000242       0x82 timerA.o
 .debug_abbrev  0x00000000000002c4       0xa2 uart.o

.debug_line     0x0000000000000000      0xe9a
 *(.debug_line .debug_line.* .debug_line_end)
 .debug_line    0x0000000000000000      0x67b main.o
 .debug_line    0x000000000000067b      0x60a qwark.o
 .debug_line    0x0000000000000c85       0xeb timerA.o
 .debug_line    0x0000000000000d70      0x12a uart.o

.debug_frame    0x0000000000000000      0x234
 *(.debug_frame)
 .debug_frame   0x0000000000000000      0x144 main.o
 .debug_frame   0x0000000000000144       0x34 qwark.o
 .debug_frame   0x0000000000000178       0x60 timerA.o
 .debug_frame   0x00000000000001d8       0x5c uart.o

.debug_str      0x0000000000000000      0x690
 *(.debug_str)
 .debug_str     0x0000000000000000      0x5e8 main.o
                                        0x672 (size before relaxing)
 .debug_str     0x00000000000005e8       0x20 qwark.o
                                        0x165 (size before relaxing)
 .debug_str     0x0000000000000608       0x42 timerA.o
                                        0x187 (size before relaxing)
 .debug_str     0x000000000000064a       0x46 uart.o
                                        0x190 (size before relaxing)

.debug_loc
 *(.debug_loc)

.debug_macinfo  0x0000000000000000    0x15a27
 *(.debug_macinfo)
 .debug_macinfo
                0x0000000000000000     0x9424 main.o
 .debug_macinfo
                0x0000000000009424     0x3f56 qwark.o
 .debug_macinfo
                0x000000000000d37a     0x45bb timerA.o
 .debug_macinfo
                0x0000000000011935     0x40f2 uart.o

.debug_weaknames
 *(.debug_weaknames)

.debug_funcnames
 *(.debug_funcnames)

.debug_typenames
 *(.debug_typenames)

.debug_varnames
 *(.debug_varnames)

/DISCARD/
 *(.note.GNU-stack)
OUTPUT(leds.elf elf32-msp430)

.debug_ranges   0x0000000000000000       0x18
 .debug_ranges  0x0000000000000000       0x18 qwark.o
