Archive member included to satisfy reference by file (symbol)

/opt/ti/ccsv8/tools/compiler/msp430-gcc-7.3.1.24_linux64/bin/../lib/gcc/msp430-elf/7.3.1/430/libgcc.a(lib2divHI.o)
                              uart.o (__mspabi_divi)
/opt/ti/ccsv8/tools/compiler/msp430-gcc-7.3.1.24_linux64/bin/../lib/gcc/msp430-elf/7.3.1/430/libgcc.a(epilogue.o)
                              uart.o (__mspabi_func_epilog_7)
/opt/ti/ccsv8/tools/compiler/msp430-gcc-7.3.1.24_linux64/bin/../lib/gcc/msp430-elf/7.3.1/430/libgcc.a(srli.o)
                              /opt/ti/ccsv8/tools/compiler/msp430-gcc-7.3.1.24_linux64/bin/../lib/gcc/msp430-elf/7.3.1/430/crtbegin.o (__mspabi_srli_15)
/opt/ti/ccsv8/tools/compiler/msp430-gcc-7.3.1.24_linux64/bin/../lib/gcc/msp430-elf/7.3.1/../../../../msp430-elf/lib/430/libcrt.a(crt_bss.o)
                              /opt/ti/ccsv8/tools/compiler/msp430-gcc-7.3.1.24_linux64/bin/../lib/gcc/msp430-elf/7.3.1/430/crtbegin.o (__crt0_init_bss)
/opt/ti/ccsv8/tools/compiler/msp430-gcc-7.3.1.24_linux64/bin/../lib/gcc/msp430-elf/7.3.1/../../../../msp430-elf/lib/430/libcrt.a(crt_movedata.o)
                              /opt/ti/ccsv8/tools/compiler/msp430-gcc-7.3.1.24_linux64/bin/../lib/gcc/msp430-elf/7.3.1/430/crtbegin.o (__crt0_movedata)
/opt/ti/ccsv8/tools/compiler/msp430-gcc-7.3.1.24_linux64/bin/../lib/gcc/msp430-elf/7.3.1/../../../../msp430-elf/lib/430/libcrt.a(crt_main.o)
                              /opt/ti/ccsv8/tools/compiler/msp430-gcc-7.3.1.24_linux64/bin/../lib/gcc/msp430-elf/7.3.1/../../../../msp430-elf/lib/430/crt0.o (__crt0_call_init_then_main)
/opt/ti/ccsv8/tools/compiler/msp430-gcc-7.3.1.24_linux64/bin/../lib/gcc/msp430-elf/7.3.1/../../../../msp430-elf/lib/430/libc.a(lib_a-memmove.o)
                              /opt/ti/ccsv8/tools/compiler/msp430-gcc-7.3.1.24_linux64/bin/../lib/gcc/msp430-elf/7.3.1/../../../../msp430-elf/lib/430/libcrt.a(crt_movedata.o) (memmove)
/opt/ti/ccsv8/tools/compiler/msp430-gcc-7.3.1.24_linux64/bin/../lib/gcc/msp430-elf/7.3.1/../../../../msp430-elf/lib/430/libc.a(lib_a-memset.o)
                              /opt/ti/ccsv8/tools/compiler/msp430-gcc-7.3.1.24_linux64/bin/../lib/gcc/msp430-elf/7.3.1/../../../../msp430-elf/lib/430/libcrt.a(crt_bss.o) (memset)

Allocating common symbols
Common symbol       size              file

n_6                 0x2               main.o
n_5                 0x2               main.o
periodic_val        0x2               timerA.o
n_0                 0x2               main.o
n_1                 0x2               main.o
n_4                 0x2               main.o
n_2                 0x2               main.o
n_3                 0x2               main.o

Discarded input sections

 .text          0x0000000000000000        0x0 /opt/ti/ccsv8/tools/compiler/msp430-gcc-7.3.1.24_linux64/bin/../lib/gcc/msp430-elf/7.3.1/../../../../msp430-elf/lib/430/crt0.o
 .data          0x0000000000000000        0x0 /opt/ti/ccsv8/tools/compiler/msp430-gcc-7.3.1.24_linux64/bin/../lib/gcc/msp430-elf/7.3.1/../../../../msp430-elf/lib/430/crt0.o
 .bss           0x0000000000000000        0x0 /opt/ti/ccsv8/tools/compiler/msp430-gcc-7.3.1.24_linux64/bin/../lib/gcc/msp430-elf/7.3.1/../../../../msp430-elf/lib/430/crt0.o
 .text          0x0000000000000000        0x4 /opt/ti/ccsv8/tools/compiler/msp430-gcc-7.3.1.24_linux64/bin/../lib/gcc/msp430-elf/7.3.1/430/crtbegin.o
 .data          0x0000000000000000        0x0 /opt/ti/ccsv8/tools/compiler/msp430-gcc-7.3.1.24_linux64/bin/../lib/gcc/msp430-elf/7.3.1/430/crtbegin.o
 .bss           0x0000000000000000        0x0 /opt/ti/ccsv8/tools/compiler/msp430-gcc-7.3.1.24_linux64/bin/../lib/gcc/msp430-elf/7.3.1/430/crtbegin.o
 .data.__dso_handle
                0x0000000000000000        0x2 /opt/ti/ccsv8/tools/compiler/msp430-gcc-7.3.1.24_linux64/bin/../lib/gcc/msp430-elf/7.3.1/430/crtbegin.o
 .text.call___do_global_dtors_aux
                0x0000000000000000        0x0 /opt/ti/ccsv8/tools/compiler/msp430-gcc-7.3.1.24_linux64/bin/../lib/gcc/msp430-elf/7.3.1/430/crtbegin.o
 .text.call_frame_dummy
                0x0000000000000000        0x0 /opt/ti/ccsv8/tools/compiler/msp430-gcc-7.3.1.24_linux64/bin/../lib/gcc/msp430-elf/7.3.1/430/crtbegin.o
 .bss           0x0000000000000000        0x0 main.o
 COMMON         0x0000000000000000        0xe main.o
 .data          0x0000000000000000        0x0 qwark.o
 .bss           0x0000000000000000        0x0 qwark.o
 .data          0x0000000000000000        0x0 timerA.o
 .bss           0x0000000000000000        0x0 timerA.o
 .text          0x0000000000000000      0x108 uart.o
 .data          0x0000000000000000        0x0 uart.o
 .bss           0x0000000000000000        0x0 uart.o
 .text          0x0000000000000000        0x0 /opt/ti/ccsv8/tools/compiler/msp430-gcc-7.3.1.24_linux64/bin/../lib/gcc/msp430-elf/7.3.1/430/libgcc.a(lib2divHI.o)
 .data          0x0000000000000000        0x0 /opt/ti/ccsv8/tools/compiler/msp430-gcc-7.3.1.24_linux64/bin/../lib/gcc/msp430-elf/7.3.1/430/libgcc.a(lib2divHI.o)
 .bss           0x0000000000000000        0x0 /opt/ti/ccsv8/tools/compiler/msp430-gcc-7.3.1.24_linux64/bin/../lib/gcc/msp430-elf/7.3.1/430/libgcc.a(lib2divHI.o)
 .text.udivmodhi4
                0x0000000000000000       0x40 /opt/ti/ccsv8/tools/compiler/msp430-gcc-7.3.1.24_linux64/bin/../lib/gcc/msp430-elf/7.3.1/430/libgcc.a(lib2divHI.o)
 .text.__divhi3
                0x0000000000000000       0x4c /opt/ti/ccsv8/tools/compiler/msp430-gcc-7.3.1.24_linux64/bin/../lib/gcc/msp430-elf/7.3.1/430/libgcc.a(lib2divHI.o)
 .text.__modhi3
                0x0000000000000000       0x32 /opt/ti/ccsv8/tools/compiler/msp430-gcc-7.3.1.24_linux64/bin/../lib/gcc/msp430-elf/7.3.1/430/libgcc.a(lib2divHI.o)
 .text.__udivhi3
                0x0000000000000000        0x8 /opt/ti/ccsv8/tools/compiler/msp430-gcc-7.3.1.24_linux64/bin/../lib/gcc/msp430-elf/7.3.1/430/libgcc.a(lib2divHI.o)
 .text.__umodhi3
                0x0000000000000000        0x8 /opt/ti/ccsv8/tools/compiler/msp430-gcc-7.3.1.24_linux64/bin/../lib/gcc/msp430-elf/7.3.1/430/libgcc.a(lib2divHI.o)
 .data          0x0000000000000000        0x0 /opt/ti/ccsv8/tools/compiler/msp430-gcc-7.3.1.24_linux64/bin/../lib/gcc/msp430-elf/7.3.1/430/libgcc.a(epilogue.o)
 .bss           0x0000000000000000        0x0 /opt/ti/ccsv8/tools/compiler/msp430-gcc-7.3.1.24_linux64/bin/../lib/gcc/msp430-elf/7.3.1/430/libgcc.a(epilogue.o)
 .data          0x0000000000000000        0x0 /opt/ti/ccsv8/tools/compiler/msp430-gcc-7.3.1.24_linux64/bin/../lib/gcc/msp430-elf/7.3.1/430/libgcc.a(srli.o)
 .bss           0x0000000000000000        0x0 /opt/ti/ccsv8/tools/compiler/msp430-gcc-7.3.1.24_linux64/bin/../lib/gcc/msp430-elf/7.3.1/430/libgcc.a(srli.o)
 .text          0x0000000000000000        0x0 /opt/ti/ccsv8/tools/compiler/msp430-gcc-7.3.1.24_linux64/bin/../lib/gcc/msp430-elf/7.3.1/../../../../msp430-elf/lib/430/libcrt.a(crt_bss.o)
 .data          0x0000000000000000        0x0 /opt/ti/ccsv8/tools/compiler/msp430-gcc-7.3.1.24_linux64/bin/../lib/gcc/msp430-elf/7.3.1/../../../../msp430-elf/lib/430/libcrt.a(crt_bss.o)
 .bss           0x0000000000000000        0x0 /opt/ti/ccsv8/tools/compiler/msp430-gcc-7.3.1.24_linux64/bin/../lib/gcc/msp430-elf/7.3.1/../../../../msp430-elf/lib/430/libcrt.a(crt_bss.o)
 .text          0x0000000000000000        0x0 /opt/ti/ccsv8/tools/compiler/msp430-gcc-7.3.1.24_linux64/bin/../lib/gcc/msp430-elf/7.3.1/../../../../msp430-elf/lib/430/libcrt.a(crt_movedata.o)
 .data          0x0000000000000000        0x0 /opt/ti/ccsv8/tools/compiler/msp430-gcc-7.3.1.24_linux64/bin/../lib/gcc/msp430-elf/7.3.1/../../../../msp430-elf/lib/430/libcrt.a(crt_movedata.o)
 .bss           0x0000000000000000        0x0 /opt/ti/ccsv8/tools/compiler/msp430-gcc-7.3.1.24_linux64/bin/../lib/gcc/msp430-elf/7.3.1/../../../../msp430-elf/lib/430/libcrt.a(crt_movedata.o)
 .text          0x0000000000000000        0x0 /opt/ti/ccsv8/tools/compiler/msp430-gcc-7.3.1.24_linux64/bin/../lib/gcc/msp430-elf/7.3.1/../../../../msp430-elf/lib/430/libcrt.a(crt_main.o)
 .data          0x0000000000000000        0x0 /opt/ti/ccsv8/tools/compiler/msp430-gcc-7.3.1.24_linux64/bin/../lib/gcc/msp430-elf/7.3.1/../../../../msp430-elf/lib/430/libcrt.a(crt_main.o)
 .bss           0x0000000000000000        0x0 /opt/ti/ccsv8/tools/compiler/msp430-gcc-7.3.1.24_linux64/bin/../lib/gcc/msp430-elf/7.3.1/../../../../msp430-elf/lib/430/libcrt.a(crt_main.o)
 .text          0x0000000000000000        0x0 /opt/ti/ccsv8/tools/compiler/msp430-gcc-7.3.1.24_linux64/bin/../lib/gcc/msp430-elf/7.3.1/../../../../msp430-elf/lib/430/libc.a(lib_a-memmove.o)
 .data          0x0000000000000000        0x0 /opt/ti/ccsv8/tools/compiler/msp430-gcc-7.3.1.24_linux64/bin/../lib/gcc/msp430-elf/7.3.1/../../../../msp430-elf/lib/430/libc.a(lib_a-memmove.o)
 .bss           0x0000000000000000        0x0 /opt/ti/ccsv8/tools/compiler/msp430-gcc-7.3.1.24_linux64/bin/../lib/gcc/msp430-elf/7.3.1/../../../../msp430-elf/lib/430/libc.a(lib_a-memmove.o)
 .text          0x0000000000000000        0x0 /opt/ti/ccsv8/tools/compiler/msp430-gcc-7.3.1.24_linux64/bin/../lib/gcc/msp430-elf/7.3.1/../../../../msp430-elf/lib/430/libc.a(lib_a-memset.o)
 .data          0x0000000000000000        0x0 /opt/ti/ccsv8/tools/compiler/msp430-gcc-7.3.1.24_linux64/bin/../lib/gcc/msp430-elf/7.3.1/../../../../msp430-elf/lib/430/libc.a(lib_a-memset.o)
 .bss           0x0000000000000000        0x0 /opt/ti/ccsv8/tools/compiler/msp430-gcc-7.3.1.24_linux64/bin/../lib/gcc/msp430-elf/7.3.1/../../../../msp430-elf/lib/430/libc.a(lib_a-memset.o)
 .text          0x0000000000000000        0x2 /opt/ti/ccsv8/tools/compiler/msp430-gcc-7.3.1.24_linux64/bin/../lib/gcc/msp430-elf/7.3.1/430/crtend.o
 .data          0x0000000000000000        0x0 /opt/ti/ccsv8/tools/compiler/msp430-gcc-7.3.1.24_linux64/bin/../lib/gcc/msp430-elf/7.3.1/430/crtend.o
 .bss           0x0000000000000000        0x0 /opt/ti/ccsv8/tools/compiler/msp430-gcc-7.3.1.24_linux64/bin/../lib/gcc/msp430-elf/7.3.1/430/crtend.o
 .text.call___do_global_ctors_aux
                0x0000000000000000        0x0 /opt/ti/ccsv8/tools/compiler/msp430-gcc-7.3.1.24_linux64/bin/../lib/gcc/msp430-elf/7.3.1/430/crtend.o
 .text          0x0000000000000000        0x0 /opt/ti/ccsv8/tools/compiler/msp430-gcc-7.3.1.24_linux64/bin/../lib/gcc/msp430-elf/7.3.1/../../../../msp430-elf/lib/430/crtn.o
 .data          0x0000000000000000        0x0 /opt/ti/ccsv8/tools/compiler/msp430-gcc-7.3.1.24_linux64/bin/../lib/gcc/msp430-elf/7.3.1/../../../../msp430-elf/lib/430/crtn.o
 .bss           0x0000000000000000        0x0 /opt/ti/ccsv8/tools/compiler/msp430-gcc-7.3.1.24_linux64/bin/../lib/gcc/msp430-elf/7.3.1/../../../../msp430-elf/lib/430/crtn.o

Memory Configuration

Name             Origin             Length             Attributes
SFR              0x0000000000000000 0x0000000000000010
PERIPHERAL_8BIT  0x0000000000000010 0x00000000000000f0
PERIPHERAL_16BIT 0x0000000000000100 0x0000000000003f00
RAM              0x0000000000004000 0x0000000000004000
ROM              0x0000000000008000 0x0000000000007fe0 xr
VECT1            0x000000000000ffe0 0x0000000000000002
VECT2            0x000000000000ffe2 0x0000000000000002
VECT3            0x000000000000ffe4 0x0000000000000002
VECT4            0x000000000000ffe6 0x0000000000000002
VECT5            0x000000000000ffe8 0x0000000000000002
VECT6            0x000000000000ffea 0x0000000000000002
VECT7            0x000000000000ffec 0x0000000000000002
VECT8            0x000000000000ffee 0x0000000000000002
VECT9            0x000000000000fff0 0x0000000000000002
VECT10           0x000000000000fff2 0x0000000000000002
VECT11           0x000000000000fff4 0x0000000000000002
VECT12           0x000000000000fff6 0x0000000000000002
VECT13           0x000000000000fff8 0x0000000000000002
VECT14           0x000000000000fffa 0x0000000000000002
VECT15           0x000000000000fffc 0x0000000000000002
RESETVEC         0x000000000000fffe 0x0000000000000002
*default*        0x0000000000000000 0xffffffffffffffff

Linker script and memory map

LOAD /opt/ti/ccsv8/tools/compiler/msp430-gcc-7.3.1.24_linux64/bin/../lib/gcc/msp430-elf/7.3.1/../../../../msp430-elf/lib/430/crt0.o
LOAD /opt/ti/ccsv8/tools/compiler/msp430-gcc-7.3.1.24_linux64/bin/../lib/gcc/msp430-elf/7.3.1/430/crtbegin.o
LOAD main.o
LOAD qwark.o
LOAD timerA.o
LOAD uart.o
LOAD /opt/ti/ccsv8/tools/compiler/msp430-gcc-7.3.1.24_linux64/bin/../lib/gcc/msp430-elf/7.3.1/430/libgcc.a
START GROUP
LOAD /opt/ti/ccsv8/tools/compiler/msp430-gcc-7.3.1.24_linux64/bin/../lib/gcc/msp430-elf/7.3.1/430/libmul_16.a
LOAD /opt/ti/ccsv8/tools/compiler/msp430-gcc-7.3.1.24_linux64/bin/../lib/gcc/msp430-elf/7.3.1/../../../../msp430-elf/lib/430/libc.a
LOAD /opt/ti/ccsv8/tools/compiler/msp430-gcc-7.3.1.24_linux64/bin/../lib/gcc/msp430-elf/7.3.1/430/libgcc.a
LOAD /opt/ti/ccsv8/tools/compiler/msp430-gcc-7.3.1.24_linux64/bin/../lib/gcc/msp430-elf/7.3.1/../../../../msp430-elf/lib/430/libcrt.a
LOAD /opt/ti/ccsv8/tools/compiler/msp430-gcc-7.3.1.24_linux64/bin/../lib/gcc/msp430-elf/7.3.1/../../../../msp430-elf/lib/430/libnosys.a
END GROUP
LOAD /opt/ti/ccsv8/tools/compiler/msp430-gcc-7.3.1.24_linux64/bin/../lib/gcc/msp430-elf/7.3.1/430/libgcc.a
LOAD /opt/ti/ccsv8/tools/compiler/msp430-gcc-7.3.1.24_linux64/bin/../lib/gcc/msp430-elf/7.3.1/430/crtend.o
LOAD /opt/ti/ccsv8/tools/compiler/msp430-gcc-7.3.1.24_linux64/bin/../lib/gcc/msp430-elf/7.3.1/../../../../msp430-elf/lib/430/crtn.o
LOAD /opt/ti/ccsv8/tools/compiler/msp430-gcc-7.3.1.24_linux64/bin/../lib/gcc/msp430-elf/7.3.1/430/libgcc.a

__interrupt_vector_1
 *(__interrupt_vector_1)

__interrupt_vector_2
 *(__interrupt_vector_2)

__interrupt_vector_3
 *(__interrupt_vector_3)
 *(__interrupt_vector_port1)

__interrupt_vector_4
 *(__interrupt_vector_4)
 *(__interrupt_vector_port2)

__interrupt_vector_5
                0x000000000000ffe8        0x2
 *(__interrupt_vector_5)
 __interrupt_vector_5
                0x000000000000ffe8        0x2 qwark.o
 *(__interrupt_vector_qwark)

__interrupt_vector_6
 *(__interrupt_vector_6)

__interrupt_vector_7
 *(__interrupt_vector_7)

__interrupt_vector_8
 *(__interrupt_vector_8)

__interrupt_vector_9
                0x000000000000fff0        0x2
 *(__interrupt_vector_9)
 __interrupt_vector_9
                0x000000000000fff0        0x2 timerA.o
 *(__interrupt_vector_timera1)

__interrupt_vector_10
 *(__interrupt_vector_10)
 *(__interrupt_vector_timera0)

__interrupt_vector_11
 *(__interrupt_vector_11)
 *(__interrupt_vector_wdt)

__interrupt_vector_12
 *(__interrupt_vector_12)

__interrupt_vector_13
 *(__interrupt_vector_13)

__interrupt_vector_14
 *(__interrupt_vector_14)

__interrupt_vector_15
 *(__interrupt_vector_15)
 *(__interrupt_vector_nmi)

__reset_vector  0x000000000000fffe        0x2
 *(__interrupt_vector_16)
 *(__interrupt_vector_reset)
 *(.resetvec)
 .resetvec      0x000000000000fffe        0x2 /opt/ti/ccsv8/tools/compiler/msp430-gcc-7.3.1.24_linux64/bin/../lib/gcc/msp430-elf/7.3.1/../../../../msp430-elf/lib/430/crt0.o

.rodata         0x0000000000008000       0x10
                0x0000000000008000                . = ALIGN (0x2)
 *(.plt)
 *(.rodata .rodata.* .gnu.linkonce.r.* .const .const:*)
 *(.rodata1)
 *(.eh_frame_hdr)
 *(.eh_frame)
 .eh_frame      0x0000000000008000        0x0 /opt/ti/ccsv8/tools/compiler/msp430-gcc-7.3.1.24_linux64/bin/../lib/gcc/msp430-elf/7.3.1/430/crtbegin.o
 .eh_frame      0x0000000000008000        0x4 /opt/ti/ccsv8/tools/compiler/msp430-gcc-7.3.1.24_linux64/bin/../lib/gcc/msp430-elf/7.3.1/430/crtend.o
 *(.gcc_except_table)
 *(.gcc_except_table.*)
                0x0000000000008004                PROVIDE (__preinit_array_start, .)
 *(.preinit_array)
                0x0000000000008004                PROVIDE (__preinit_array_end, .)
                0x0000000000008004                PROVIDE (__init_array_start, .)
 *(SORT(.init_array.*))
 *(.init_array)
                0x0000000000008004                PROVIDE (__init_array_end, .)
                0x0000000000008004                PROVIDE (__fini_array_start, .)
 *(.fini_array)
 *(SORT(.fini_array.*))
                0x0000000000008004                PROVIDE (__fini_array_end, .)
                0x0000000000008004        0x4 LONG 0x0
 *crtbegin*.o(.ctors)
 .ctors         0x0000000000008008        0x2 /opt/ti/ccsv8/tools/compiler/msp430-gcc-7.3.1.24_linux64/bin/../lib/gcc/msp430-elf/7.3.1/430/crtbegin.o
 *(EXCLUDE_FILE(*crtend*.o) .ctors)
 *(SORT(.ctors.*))
 *(.ctors)
 .ctors         0x000000000000800a        0x2 /opt/ti/ccsv8/tools/compiler/msp430-gcc-7.3.1.24_linux64/bin/../lib/gcc/msp430-elf/7.3.1/430/crtend.o
 *crtbegin*.o(.dtors)
 .dtors         0x000000000000800c        0x2 /opt/ti/ccsv8/tools/compiler/msp430-gcc-7.3.1.24_linux64/bin/../lib/gcc/msp430-elf/7.3.1/430/crtbegin.o
 *(EXCLUDE_FILE(*crtend*.o) .dtors)
 *(SORT(.dtors.*))
 *(.dtors)
 .dtors         0x000000000000800e        0x2 /opt/ti/ccsv8/tools/compiler/msp430-gcc-7.3.1.24_linux64/bin/../lib/gcc/msp430-elf/7.3.1/430/crtend.o
                0x000000000000800e                __DTOR_END__

.text           0x0000000000008010      0x812
                0x0000000000008010                . = ALIGN (0x2)
                0x0000000000008010                PROVIDE (_start, .)
 *(SORT(.crt_*))
 .crt_0000start
                0x0000000000008010        0x4 /opt/ti/ccsv8/tools/compiler/msp430-gcc-7.3.1.24_linux64/bin/../lib/gcc/msp430-elf/7.3.1/../../../../msp430-elf/lib/430/crt0.o
                0x0000000000008010                __crt0_start
 .crt_0001_qwark
                0x0000000000008014      0x18c qwark.o
                0x0000000000008014                qwark_restore
 .crt_0100init_bss
                0x00000000000081a0        0xe /opt/ti/ccsv8/tools/compiler/msp430-gcc-7.3.1.24_linux64/bin/../lib/gcc/msp430-elf/7.3.1/../../../../msp430-elf/lib/430/libcrt.a(crt_bss.o)
                0x00000000000081a0                __crt0_init_bss
 .crt_0300movedata
                0x00000000000081ae       0x14 /opt/ti/ccsv8/tools/compiler/msp430-gcc-7.3.1.24_linux64/bin/../lib/gcc/msp430-elf/7.3.1/../../../../msp430-elf/lib/430/libcrt.a(crt_movedata.o)
                0x00000000000081ae                __crt0_movedata
 .crt_0700call_init_then_main
                0x00000000000081c2        0xa /opt/ti/ccsv8/tools/compiler/msp430-gcc-7.3.1.24_linux64/bin/../lib/gcc/msp430-elf/7.3.1/../../../../msp430-elf/lib/430/libcrt.a(crt_main.o)
                0x00000000000081c2                __crt0_call_init_then_main
 .crt_0900main_init
                0x00000000000081cc       0x3c /opt/ti/ccsv8/tools/compiler/msp430-gcc-7.3.1.24_linux64/bin/../lib/gcc/msp430-elf/7.3.1/../../../../msp430-elf/lib/430/crt0.o
                0x00000000000081cc                _msp430_run_init_array
                0x00000000000081da                _msp430_run_preinit_array
                0x00000000000081e8                _msp430_run_fini_array
 *(.lowtext .text .stub .text.* .gnu.linkonce.t.* .text:*)
 .text.deregister_tm_clones
                0x0000000000008208       0x1a /opt/ti/ccsv8/tools/compiler/msp430-gcc-7.3.1.24_linux64/bin/../lib/gcc/msp430-elf/7.3.1/430/crtbegin.o
 .text.register_tm_clones
                0x0000000000008222       0x2e /opt/ti/ccsv8/tools/compiler/msp430-gcc-7.3.1.24_linux64/bin/../lib/gcc/msp430-elf/7.3.1/430/crtbegin.o
 .text.__do_global_dtors_aux
                0x0000000000008250       0x4e /opt/ti/ccsv8/tools/compiler/msp430-gcc-7.3.1.24_linux64/bin/../lib/gcc/msp430-elf/7.3.1/430/crtbegin.o
 .text.frame_dummy
                0x000000000000829e       0x18 /opt/ti/ccsv8/tools/compiler/msp430-gcc-7.3.1.24_linux64/bin/../lib/gcc/msp430-elf/7.3.1/430/crtbegin.o
 .text          0x00000000000082b6      0x290 main.o
                0x00000000000082b6                btbl_bitcnt
                0x00000000000082f0                bit_count
                0x0000000000008316                bitcount
                0x00000000000083b8                ntbl_bitcount
                0x000000000000845c                BW_btbl_bitcount
                0x000000000000849a                AR_btbl_bitcount
                0x00000000000084d6                ntbl_bitcnt
                0x0000000000008518                init
                0x000000000000852e                main
 .text          0x0000000000008546      0x168 qwark.o
                0x0000000000008546                INT_Qwark
 .text          0x00000000000086ae       0x2e timerA.o
                0x00000000000086ae                ta_wait_no_lpm
                0x00000000000086c0                ta_wait
                0x00000000000086d0                INT_timerA1
 .text          0x00000000000086dc       0x10 /opt/ti/ccsv8/tools/compiler/msp430-gcc-7.3.1.24_linux64/bin/../lib/gcc/msp430-elf/7.3.1/430/libgcc.a(epilogue.o)
                0x00000000000086dc                __mspabi_func_epilog_7
                0x00000000000086de                __mspabi_func_epilog_6
                0x00000000000086e0                __mspabi_func_epilog_5
                0x00000000000086e2                __mspabi_func_epilog_4
                0x00000000000086e4                __mspabi_func_epilog_3
                0x00000000000086e6                __mspabi_func_epilog_2
                0x00000000000086e8                __mspabi_func_epilog_1
 .text          0x00000000000086ec       0xb4 /opt/ti/ccsv8/tools/compiler/msp430-gcc-7.3.1.24_linux64/bin/../lib/gcc/msp430-elf/7.3.1/430/libgcc.a(srli.o)
                0x00000000000086ec                __mspabi_srli_15
                0x00000000000086f0                __mspabi_srli_14
                0x00000000000086f4                __mspabi_srli_13
                0x00000000000086f8                __mspabi_srli_12
                0x00000000000086fc                __mspabi_srli_11
                0x0000000000008700                __mspabi_srli_10
                0x0000000000008704                __mspabi_srli_9
                0x0000000000008708                __mspabi_srli_8
                0x000000000000870c                __mspabi_srli_7
                0x0000000000008710                __mspabi_srli_6
                0x0000000000008714                __mspabi_srli_5
                0x0000000000008718                __mspabi_srli_4
                0x000000000000871c                __mspabi_srli_3
                0x0000000000008720                __mspabi_srli_2
                0x0000000000008724                __mspabi_srli_1
                0x0000000000008730                __mspabi_srli
                0x0000000000008736                __mspabi_srll_15
                0x000000000000873c                __mspabi_srll_14
                0x0000000000008742                __mspabi_srll_13
                0x0000000000008748                __mspabi_srll_12
                0x000000000000874e                __mspabi_srll_11
                0x0000000000008754                __mspabi_srll_10
                0x000000000000875a                __mspabi_srll_9
                0x0000000000008760                __mspabi_srll_8
                0x0000000000008766                __mspabi_srll_7
                0x000000000000876c                __mspabi_srll_6
                0x0000000000008772                __mspabi_srll_5
                0x0000000000008778                __mspabi_srll_4
                0x000000000000877e                __mspabi_srll_3
                0x0000000000008784                __mspabi_srll_2
                0x000000000000878a                __mspabi_srll_1
                0x000000000000879a                __mspabi_srll
 .text.memmove  0x00000000000087a0       0x38 /opt/ti/ccsv8/tools/compiler/msp430-gcc-7.3.1.24_linux64/bin/../lib/gcc/msp430-elf/7.3.1/../../../../msp430-elf/lib/430/libc.a(lib_a-memmove.o)
                0x00000000000087a0                memmove
 .text.memset   0x00000000000087d8       0x14 /opt/ti/ccsv8/tools/compiler/msp430-gcc-7.3.1.24_linux64/bin/../lib/gcc/msp430-elf/7.3.1/../../../../msp430-elf/lib/430/libc.a(lib_a-memset.o)
                0x00000000000087d8                memset
 .text.__do_global_ctors_aux
                0x00000000000087ec       0x1a /opt/ti/ccsv8/tools/compiler/msp430-gcc-7.3.1.24_linux64/bin/../lib/gcc/msp430-elf/7.3.1/430/crtend.o
 *(.text.*personality*)
 *(.gnu.warning)
 *(.interp .hash .dynsym .dynstr .gnu.version*)
                [!provide]                        PROVIDE (__etext, .)
                [!provide]                        PROVIDE (_etext, .)
                [!provide]                        PROVIDE (etext, .)
                0x0000000000008806                . = ALIGN (0x2)
 *(.init)
 .init          0x0000000000008806        0x0 /opt/ti/ccsv8/tools/compiler/msp430-gcc-7.3.1.24_linux64/bin/../lib/gcc/msp430-elf/7.3.1/../../../../msp430-elf/lib/430/crt0.o
                0x0000000000008806                __msp430_init
 .init          0x0000000000008806        0x4 /opt/ti/ccsv8/tools/compiler/msp430-gcc-7.3.1.24_linux64/bin/../lib/gcc/msp430-elf/7.3.1/430/crtbegin.o
 .init          0x000000000000880a        0x4 /opt/ti/ccsv8/tools/compiler/msp430-gcc-7.3.1.24_linux64/bin/../lib/gcc/msp430-elf/7.3.1/430/crtend.o
 .init          0x000000000000880e        0xa /opt/ti/ccsv8/tools/compiler/msp430-gcc-7.3.1.24_linux64/bin/../lib/gcc/msp430-elf/7.3.1/../../../../msp430-elf/lib/430/crtn.o
                0x0000000000008818                __msp430_init_end
 *(.fini)
 .fini          0x0000000000008818        0x4 /opt/ti/ccsv8/tools/compiler/msp430-gcc-7.3.1.24_linux64/bin/../lib/gcc/msp430-elf/7.3.1/../../../../msp430-elf/lib/430/crt0.o
                0x0000000000008818                __msp430_fini
 .fini          0x000000000000881c        0x4 /opt/ti/ccsv8/tools/compiler/msp430-gcc-7.3.1.24_linux64/bin/../lib/gcc/msp430-elf/7.3.1/430/crtbegin.o
 .fini          0x0000000000008820        0x2 /opt/ti/ccsv8/tools/compiler/msp430-gcc-7.3.1.24_linux64/bin/../lib/gcc/msp430-elf/7.3.1/../../../../msp430-elf/lib/430/crtn.o
                0x0000000000008822                __msp430_fini_end
 *(.tm_clone_table)
 .tm_clone_table
                0x0000000000008822        0x0 /opt/ti/ccsv8/tools/compiler/msp430-gcc-7.3.1.24_linux64/bin/../lib/gcc/msp430-elf/7.3.1/430/crtbegin.o
 .tm_clone_table
                0x0000000000008822        0x0 /opt/ti/ccsv8/tools/compiler/msp430-gcc-7.3.1.24_linux64/bin/../lib/gcc/msp430-elf/7.3.1/430/crtend.o
                0x0000000000008822                __TMC_END__

.data           0x0000000000004000      0x100 load address 0x0000000000008822
                0x0000000000004000                . = ALIGN (0x2)
                0x0000000000004000                PROVIDE (__datastart, .)
 *(.jcr)
 *(.data.rel.ro.local)
 *(.data.rel.ro*)
 *(.dynamic)
 *(.data .data.* .gnu.linkonce.d.*)
 .data          0x0000000000004000      0x100 main.o
                0x0000000000004000                bits
 *(.gnu.linkonce.d.*personality*)
 *(.data1)
 *(.got.plt)
 *(.got)
                0x0000000000004100                . = ALIGN (0x2)
 *(.sdata .sdata.* .gnu.linkonce.s.* D_2 D_1)
                0x0000000000004100                . = ALIGN (0x2)
                0x0000000000004100                _edata = .
                [!provide]                        PROVIDE (edata, .)
                [!provide]                        PROVIDE (__dataend, .)
                0x0000000000008822                PROVIDE (__romdatastart, LOADADDR (.data))
                0x0000000000000100                PROVIDE (__romdatacopysize, SIZEOF (.data))

.bss            0x0000000000004100       0x14 load address 0x0000000000008922
                0x0000000000004100                . = ALIGN (0x2)
                0x0000000000004100                PROVIDE (__bssstart, .)
 *(.dynbss)
 *(.sbss .sbss.*)
 *(.bss .bss.* .gnu.linkonce.b.*)
 .bss.completed.3056
                0x0000000000004100        0x1 /opt/ti/ccsv8/tools/compiler/msp430-gcc-7.3.1.24_linux64/bin/../lib/gcc/msp430-elf/7.3.1/430/crtbegin.o
 *fill*         0x0000000000004101        0x1 
 .bss.dtor_idx.3058
                0x0000000000004102        0x2 /opt/ti/ccsv8/tools/compiler/msp430-gcc-7.3.1.24_linux64/bin/../lib/gcc/msp430-elf/7.3.1/430/crtbegin.o
 .bss.object.3071
                0x0000000000004104        0xe /opt/ti/ccsv8/tools/compiler/msp430-gcc-7.3.1.24_linux64/bin/../lib/gcc/msp430-elf/7.3.1/430/crtbegin.o
                0x0000000000004112                . = ALIGN (0x2)
 *(COMMON)
 COMMON         0x0000000000004112        0x2 timerA.o
                0x0000000000004112                periodic_val
                [!provide]                        PROVIDE (__bssend, .)
                0x0000000000000014                PROVIDE (__bsssize, SIZEOF (.bss))

.noinit         0x0000000000004114        0x0 load address 0x0000000000008922
                0x0000000000004114                . = ALIGN (0x2)
                [!provide]                        PROVIDE (__noinit_start, .)
 *(.noinit)
                0x0000000000004114                . = ALIGN (0x2)
                [!provide]                        PROVIDE (__noinit_end, .)
                0x0000000000004114                end = .

.stack          0x0000000000008000        0x0
                0x0000000000008000                PROVIDE (__stack, .)
 *(.stack)

.MP430.attributes
                0x0000000000000000      0x170
 *(.MSP430.attributes)
 .MSP430.attributes
                0x0000000000000000       0x17 /opt/ti/ccsv8/tools/compiler/msp430-gcc-7.3.1.24_linux64/bin/../lib/gcc/msp430-elf/7.3.1/../../../../msp430-elf/lib/430/crt0.o
 .MSP430.attributes
                0x0000000000000017       0x17 /opt/ti/ccsv8/tools/compiler/msp430-gcc-7.3.1.24_linux64/bin/../lib/gcc/msp430-elf/7.3.1/430/crtbegin.o
 .MSP430.attributes
                0x000000000000002e       0x17 main.o
 .MSP430.attributes
                0x0000000000000045       0x17 qwark.o
 .MSP430.attributes
                0x000000000000005c       0x17 timerA.o
 .MSP430.attributes
                0x0000000000000073       0x17 uart.o
 .MSP430.attributes
                0x000000000000008a       0x17 /opt/ti/ccsv8/tools/compiler/msp430-gcc-7.3.1.24_linux64/bin/../lib/gcc/msp430-elf/7.3.1/430/libgcc.a(lib2divHI.o)
 .MSP430.attributes
                0x00000000000000a1       0x17 /opt/ti/ccsv8/tools/compiler/msp430-gcc-7.3.1.24_linux64/bin/../lib/gcc/msp430-elf/7.3.1/430/libgcc.a(epilogue.o)
 .MSP430.attributes
                0x00000000000000b8       0x17 /opt/ti/ccsv8/tools/compiler/msp430-gcc-7.3.1.24_linux64/bin/../lib/gcc/msp430-elf/7.3.1/430/libgcc.a(srli.o)
 .MSP430.attributes
                0x00000000000000cf       0x17 /opt/ti/ccsv8/tools/compiler/msp430-gcc-7.3.1.24_linux64/bin/../lib/gcc/msp430-elf/7.3.1/../../../../msp430-elf/lib/430/libcrt.a(crt_bss.o)
 .MSP430.attributes
                0x00000000000000e6       0x17 /opt/ti/ccsv8/tools/compiler/msp430-gcc-7.3.1.24_linux64/bin/../lib/gcc/msp430-elf/7.3.1/../../../../msp430-elf/lib/430/libcrt.a(crt_movedata.o)
 .MSP430.attributes
                0x00000000000000fd       0x17 /opt/ti/ccsv8/tools/compiler/msp430-gcc-7.3.1.24_linux64/bin/../lib/gcc/msp430-elf/7.3.1/../../../../msp430-elf/lib/430/libcrt.a(crt_main.o)
 .MSP430.attributes
                0x0000000000000114       0x17 /opt/ti/ccsv8/tools/compiler/msp430-gcc-7.3.1.24_linux64/bin/../lib/gcc/msp430-elf/7.3.1/../../../../msp430-elf/lib/430/libc.a(lib_a-memmove.o)
 .MSP430.attributes
                0x000000000000012b       0x17 /opt/ti/ccsv8/tools/compiler/msp430-gcc-7.3.1.24_linux64/bin/../lib/gcc/msp430-elf/7.3.1/../../../../msp430-elf/lib/430/libc.a(lib_a-memset.o)
 .MSP430.attributes
                0x0000000000000142       0x17 /opt/ti/ccsv8/tools/compiler/msp430-gcc-7.3.1.24_linux64/bin/../lib/gcc/msp430-elf/7.3.1/430/crtend.o
 .MSP430.attributes
                0x0000000000000159       0x17 /opt/ti/ccsv8/tools/compiler/msp430-gcc-7.3.1.24_linux64/bin/../lib/gcc/msp430-elf/7.3.1/../../../../msp430-elf/lib/430/crtn.o
 *(.gnu.attributes)
 *(__TI_build_attributes)

.stab
 *(.stab)

.stabstr
 *(.stabstr)

.stab.excl
 *(.stab.excl)

.stab.exclstr
 *(.stab.exclstr)

.stab.index
 *(.stab.index)

.stab.indexstr
 *(.stab.indexstr)

.comment        0x0000000000000000       0x39
 *(.comment)
 .comment       0x0000000000000000       0x39 /opt/ti/ccsv8/tools/compiler/msp430-gcc-7.3.1.24_linux64/bin/../lib/gcc/msp430-elf/7.3.1/430/crtbegin.o
                                         0x3a (size before relaxing)
 .comment       0x0000000000000039       0x3a main.o
 .comment       0x0000000000000039       0x3a qwark.o
 .comment       0x0000000000000039       0x3a timerA.o
 .comment       0x0000000000000039       0x3a uart.o
 .comment       0x0000000000000039       0x3a /opt/ti/ccsv8/tools/compiler/msp430-gcc-7.3.1.24_linux64/bin/../lib/gcc/msp430-elf/7.3.1/430/libgcc.a(lib2divHI.o)
 .comment       0x0000000000000039       0x3a /opt/ti/ccsv8/tools/compiler/msp430-gcc-7.3.1.24_linux64/bin/../lib/gcc/msp430-elf/7.3.1/../../../../msp430-elf/lib/430/libc.a(lib_a-memmove.o)
 .comment       0x0000000000000039       0x3a /opt/ti/ccsv8/tools/compiler/msp430-gcc-7.3.1.24_linux64/bin/../lib/gcc/msp430-elf/7.3.1/../../../../msp430-elf/lib/430/libc.a(lib_a-memset.o)
 .comment       0x0000000000000039       0x3a /opt/ti/ccsv8/tools/compiler/msp430-gcc-7.3.1.24_linux64/bin/../lib/gcc/msp430-elf/7.3.1/430/crtend.o

.debug
 *(.debug)

.line
 *(.line)

.debug_srcinfo
 *(.debug_srcinfo)

.debug_sfnames
 *(.debug_sfnames)

.debug_aranges  0x0000000000000000       0x88
 *(.debug_aranges)
 .debug_aranges
                0x0000000000000000       0x20 main.o
 .debug_aranges
                0x0000000000000020       0x28 qwark.o
 .debug_aranges
                0x0000000000000048       0x20 timerA.o
 .debug_aranges
                0x0000000000000068       0x20 uart.o

.debug_pubnames
 *(.debug_pubnames)

.debug_info     0x0000000000000000      0xd52
 *(.debug_info .gnu.linkonce.wi.*)
 .debug_info    0x0000000000000000      0xb15 main.o
 .debug_info    0x0000000000000b15       0x58 qwark.o
 .debug_info    0x0000000000000b6d       0x9c timerA.o
 .debug_info    0x0000000000000c09      0x149 uart.o

.debug_abbrev   0x0000000000000000      0x3d2
 *(.debug_abbrev)
 .debug_abbrev  0x0000000000000000      0x1fd main.o
 .debug_abbrev  0x00000000000001fd       0x4b qwark.o
 .debug_abbrev  0x0000000000000248       0x82 timerA.o
 .debug_abbrev  0x00000000000002ca      0x108 uart.o

.debug_line     0x0000000000000000      0xd78
 *(.debug_line .debug_line.* .debug_line_end)
 .debug_line    0x0000000000000000      0x4ac main.o
 .debug_line    0x00000000000004ac      0x68d qwark.o
 .debug_line    0x0000000000000b39       0xeb timerA.o
 .debug_line    0x0000000000000c24      0x154 uart.o

.debug_frame    0x0000000000000000      0x260
 *(.debug_frame)
 .debug_frame   0x0000000000000000      0x15c main.o
 .debug_frame   0x000000000000015c       0x34 qwark.o
 .debug_frame   0x0000000000000190       0x44 timerA.o
 .debug_frame   0x00000000000001d4       0x8c uart.o

.debug_str      0x0000000000000000      0x679
 *(.debug_str)
 .debug_str     0x0000000000000000      0x5d1 main.o
                                        0x651 (size before relaxing)
 .debug_str     0x00000000000005d1       0x20 qwark.o
                                        0x15f (size before relaxing)
 .debug_str     0x00000000000005f1       0x42 timerA.o
                                        0x181 (size before relaxing)
 .debug_str     0x0000000000000633       0x46 uart.o
                                        0x18a (size before relaxing)

.debug_loc      0x0000000000000000      0x202
 *(.debug_loc)
 .debug_loc     0x0000000000000000      0x16e main.o
 .debug_loc     0x000000000000016e       0x94 uart.o

.debug_macinfo  0x0000000000000000    0x15a23
 *(.debug_macinfo)
 .debug_macinfo
                0x0000000000000000     0x9423 main.o
 .debug_macinfo
                0x0000000000009423     0x3f55 qwark.o
 .debug_macinfo
                0x000000000000d378     0x45ba timerA.o
 .debug_macinfo
                0x0000000000011932     0x40f1 uart.o

.debug_weaknames
 *(.debug_weaknames)

.debug_funcnames
 *(.debug_funcnames)

.debug_typenames
 *(.debug_typenames)

.debug_varnames
 *(.debug_varnames)

/DISCARD/
 *(.note.GNU-stack)
OUTPUT(leds.elf elf32-msp430)

.debug_ranges   0x0000000000000000       0x48
 .debug_ranges  0x0000000000000000       0x18 qwark.o
 .debug_ranges  0x0000000000000018       0x30 uart.o
