main.c:29:10:sqrt16	42	static
main.c:131:6:ACCEL_singleSample	4	static
main.c:147:6:acquire_window	8	static
main.c:162:6:transform	6	static
main.c:185:6:featurize	26	static
main.c:235:9:classify	30	static
main.c:285:6:record_stats	4	static
main.c:312:6:print_stats	2	static
main.c:370:6:warmup_sensor	6	static
main.c:384:6:train	18	static
main.c:416:6:recognize	26	static
main.c:443:6:end_of_benchmark	0	static
main.c:454:6:count_error	0	static
main.c:460:12:select_mode	4	static
main.c:513:6:init	0	static
main.c:530:6:init_moving	0	static
main.c:580:6:init_stationary	0	static
main.c:632:5:main	4	static
