main.c:29:10:sqrt16	42	static
main.c:131:6:ACCEL_singleSample	4	static
main.c:147:6:acquire_window	8	static
main.c:162:6:transform	6	static
main.c:185:6:featurize	26	static
main.c:235:9:classify	30	static
main.c:285:6:record_stats	4	static
main.c:312:6:print_stats	2	static
main.c:355:6:warmup_sensor	6	static
main.c:369:6:train	18	static
main.c:402:6:recognize	26	static
main.c:430:6:end_of_benchmark	0	static
main.c:441:6:count_error	0	static
main.c:447:12:select_mode	4	static
main.c:500:6:init	0	static
main.c:520:6:dummy_function_one	4	static
main.c:533:6:dummy_function_two	2	static
main.c:547:5:main	4	static
