Archive member included to satisfy reference by file (symbol)

/opt/ti/ccsv8/tools/compiler/msp430-gcc-7.3.1.24_linux64/bin/../lib/gcc/msp430-elf/7.3.1/430/libgcc.a(epilogue.o)
                              ./main.o (__mspabi_func_epilog_4)
/opt/ti/ccsv8/tools/compiler/msp430-gcc-7.3.1.24_linux64/bin/../lib/gcc/msp430-elf/7.3.1/430/libgcc.a(srli.o)
                              /opt/ti/ccsv8/tools/compiler/msp430-gcc-7.3.1.24_linux64/bin/../lib/gcc/msp430-elf/7.3.1/430/crtbegin.o (__mspabi_srli_15)
/opt/ti/ccsv8/tools/compiler/msp430-gcc-7.3.1.24_linux64/bin/../lib/gcc/msp430-elf/7.3.1/../../../../msp430-elf/lib/430/libcrt.a(crt_bss.o)
                              /opt/ti/ccsv8/tools/compiler/msp430-gcc-7.3.1.24_linux64/bin/../lib/gcc/msp430-elf/7.3.1/430/crtbegin.o (__crt0_init_bss)
/opt/ti/ccsv8/tools/compiler/msp430-gcc-7.3.1.24_linux64/bin/../lib/gcc/msp430-elf/7.3.1/../../../../msp430-elf/lib/430/libcrt.a(crt_movedata.o)
                              /opt/ti/ccsv8/tools/compiler/msp430-gcc-7.3.1.24_linux64/bin/../lib/gcc/msp430-elf/7.3.1/430/crtbegin.o (__crt0_movedata)
/opt/ti/ccsv8/tools/compiler/msp430-gcc-7.3.1.24_linux64/bin/../lib/gcc/msp430-elf/7.3.1/../../../../msp430-elf/lib/430/libcrt.a(crt_main.o)
                              /opt/ti/ccsv8/tools/compiler/msp430-gcc-7.3.1.24_linux64/bin/../lib/gcc/msp430-elf/7.3.1/../../../../msp430-elf/lib/430/crt0.o (__crt0_call_init_then_main)
/opt/ti/ccsv8/tools/compiler/msp430-gcc-7.3.1.24_linux64/bin/../lib/gcc/msp430-elf/7.3.1/../../../../msp430-elf/lib/430/libc.a(lib_a-memmove.o)
                              /opt/ti/ccsv8/tools/compiler/msp430-gcc-7.3.1.24_linux64/bin/../lib/gcc/msp430-elf/7.3.1/../../../../msp430-elf/lib/430/libcrt.a(crt_movedata.o) (memmove)
/opt/ti/ccsv8/tools/compiler/msp430-gcc-7.3.1.24_linux64/bin/../lib/gcc/msp430-elf/7.3.1/../../../../msp430-elf/lib/430/libc.a(lib_a-memset.o)
                              /opt/ti/ccsv8/tools/compiler/msp430-gcc-7.3.1.24_linux64/bin/../lib/gcc/msp430-elf/7.3.1/../../../../msp430-elf/lib/430/libcrt.a(crt_bss.o) (memset)

Memory Configuration

Name             Origin             Length             Attributes
SFR              0x0000000000000000 0x0000000000000010
PERIPHERAL_8BIT  0x0000000000000010 0x00000000000000f0
PERIPHERAL_16BIT 0x0000000000000100 0x0000000000003f00
RAM              0x0000000000004000 0x0000000000004000
ROM              0x0000000000008000 0x0000000000007fe0 xr
VECT1            0x000000000000ffe0 0x0000000000000002
VECT2            0x000000000000ffe2 0x0000000000000002
VECT3            0x000000000000ffe4 0x0000000000000002
VECT4            0x000000000000ffe6 0x0000000000000002
VECT5            0x000000000000ffe8 0x0000000000000002
VECT6            0x000000000000ffea 0x0000000000000002
VECT7            0x000000000000ffec 0x0000000000000002
VECT8            0x000000000000ffee 0x0000000000000002
VECT9            0x000000000000fff0 0x0000000000000002
VECT10           0x000000000000fff2 0x0000000000000002
VECT11           0x000000000000fff4 0x0000000000000002
VECT12           0x000000000000fff6 0x0000000000000002
VECT13           0x000000000000fff8 0x0000000000000002
VECT14           0x000000000000fffa 0x0000000000000002
VECT15           0x000000000000fffc 0x0000000000000002
RESETVEC         0x000000000000fffe 0x0000000000000002
*default*        0x0000000000000000 0xffffffffffffffff

Linker script and memory map

LOAD /opt/ti/ccsv8/tools/compiler/msp430-gcc-7.3.1.24_linux64/bin/../lib/gcc/msp430-elf/7.3.1/../../../../msp430-elf/lib/430/crt0.o
LOAD /opt/ti/ccsv8/tools/compiler/msp430-gcc-7.3.1.24_linux64/bin/../lib/gcc/msp430-elf/7.3.1/430/crtbegin.o
LOAD ./main.o
LOAD /opt/ti/ccsv8/tools/compiler/msp430-gcc-7.3.1.24_linux64/bin/../lib/gcc/msp430-elf/7.3.1/430/libgcc.a
START GROUP
LOAD /opt/ti/ccsv8/tools/compiler/msp430-gcc-7.3.1.24_linux64/bin/../lib/gcc/msp430-elf/7.3.1/430/libmul_16.a
LOAD /opt/ti/ccsv8/tools/compiler/msp430-gcc-7.3.1.24_linux64/bin/../lib/gcc/msp430-elf/7.3.1/../../../../msp430-elf/lib/430/libc.a
LOAD /opt/ti/ccsv8/tools/compiler/msp430-gcc-7.3.1.24_linux64/bin/../lib/gcc/msp430-elf/7.3.1/430/libgcc.a
LOAD /opt/ti/ccsv8/tools/compiler/msp430-gcc-7.3.1.24_linux64/bin/../lib/gcc/msp430-elf/7.3.1/../../../../msp430-elf/lib/430/libcrt.a
LOAD /opt/ti/ccsv8/tools/compiler/msp430-gcc-7.3.1.24_linux64/bin/../lib/gcc/msp430-elf/7.3.1/../../../../msp430-elf/lib/430/libnosys.a
END GROUP
LOAD /opt/ti/ccsv8/tools/compiler/msp430-gcc-7.3.1.24_linux64/bin/../lib/gcc/msp430-elf/7.3.1/430/libgcc.a
LOAD /opt/ti/ccsv8/tools/compiler/msp430-gcc-7.3.1.24_linux64/bin/../lib/gcc/msp430-elf/7.3.1/430/crtend.o
LOAD /opt/ti/ccsv8/tools/compiler/msp430-gcc-7.3.1.24_linux64/bin/../lib/gcc/msp430-elf/7.3.1/../../../../msp430-elf/lib/430/crtn.o
LOAD /opt/ti/ccsv8/tools/compiler/msp430-gcc-7.3.1.24_linux64/bin/../lib/gcc/msp430-elf/7.3.1/430/libgcc.a

__interrupt_vector_1
 *(__interrupt_vector_1)

__interrupt_vector_2
 *(__interrupt_vector_2)

__interrupt_vector_3
 *(__interrupt_vector_3)
 *(__interrupt_vector_port1)

__interrupt_vector_4
 *(__interrupt_vector_4)
 *(__interrupt_vector_port2)

__interrupt_vector_5
 *(__interrupt_vector_5)
 *(__interrupt_vector_qwark)

__interrupt_vector_6
 *(__interrupt_vector_6)

__interrupt_vector_7
 *(__interrupt_vector_7)

__interrupt_vector_8
 *(__interrupt_vector_8)

__interrupt_vector_9
 *(__interrupt_vector_9)
 *(__interrupt_vector_timera1)

__interrupt_vector_10
 *(__interrupt_vector_10)
 *(__interrupt_vector_timera0)

__interrupt_vector_11
 *(__interrupt_vector_11)
 *(__interrupt_vector_wdt)

__interrupt_vector_12
 *(__interrupt_vector_12)

__interrupt_vector_13
 *(__interrupt_vector_13)

__interrupt_vector_14
 *(__interrupt_vector_14)

__interrupt_vector_15
 *(__interrupt_vector_15)
 *(__interrupt_vector_nmi)

__reset_vector  0x000000000000fffe        0x2
 *(__interrupt_vector_16)
 *(__interrupt_vector_reset)
 *(.resetvec)
 .resetvec      0x000000000000fffe        0x2 /opt/ti/ccsv8/tools/compiler/msp430-gcc-7.3.1.24_linux64/bin/../lib/gcc/msp430-elf/7.3.1/../../../../msp430-elf/lib/430/crt0.o

.rodata         0x0000000000008000      0x110
                0x0000000000008000                . = ALIGN (0x2)
 *(.plt)
 *(.rodata .rodata.* .gnu.linkonce.r.* .const .const:*)
 .rodata        0x0000000000008000      0x100 ./main.o
 *(.rodata1)
 *(.eh_frame_hdr)
 *(.eh_frame)
 .eh_frame      0x0000000000008100        0x0 /opt/ti/ccsv8/tools/compiler/msp430-gcc-7.3.1.24_linux64/bin/../lib/gcc/msp430-elf/7.3.1/430/crtbegin.o
 .eh_frame      0x0000000000008100        0x4 /opt/ti/ccsv8/tools/compiler/msp430-gcc-7.3.1.24_linux64/bin/../lib/gcc/msp430-elf/7.3.1/430/crtend.o
 *(.gcc_except_table)
 *(.gcc_except_table.*)
                0x0000000000008104                PROVIDE (__preinit_array_start, .)
 *(.preinit_array)
                0x0000000000008104                PROVIDE (__preinit_array_end, .)
                0x0000000000008104                PROVIDE (__init_array_start, .)
 *(SORT(.init_array.*))
 *(.init_array)
                0x0000000000008104                PROVIDE (__init_array_end, .)
                0x0000000000008104                PROVIDE (__fini_array_start, .)
 *(.fini_array)
 *(SORT(.fini_array.*))
                0x0000000000008104                PROVIDE (__fini_array_end, .)
                0x0000000000008104        0x4 LONG 0x0
 *crtbegin*.o(.ctors)
 .ctors         0x0000000000008108        0x2 /opt/ti/ccsv8/tools/compiler/msp430-gcc-7.3.1.24_linux64/bin/../lib/gcc/msp430-elf/7.3.1/430/crtbegin.o
 *(EXCLUDE_FILE(*crtend*.o) .ctors)
 *(SORT(.ctors.*))
 *(.ctors)
 .ctors         0x000000000000810a        0x2 /opt/ti/ccsv8/tools/compiler/msp430-gcc-7.3.1.24_linux64/bin/../lib/gcc/msp430-elf/7.3.1/430/crtend.o
 *crtbegin*.o(.dtors)
 .dtors         0x000000000000810c        0x2 /opt/ti/ccsv8/tools/compiler/msp430-gcc-7.3.1.24_linux64/bin/../lib/gcc/msp430-elf/7.3.1/430/crtbegin.o
 *(EXCLUDE_FILE(*crtend*.o) .dtors)
 *(SORT(.dtors.*))
 *(.dtors)
 .dtors         0x000000000000810e        0x2 /opt/ti/ccsv8/tools/compiler/msp430-gcc-7.3.1.24_linux64/bin/../lib/gcc/msp430-elf/7.3.1/430/crtend.o
                0x000000000000810e                __DTOR_END__

.text           0x0000000000008110      0x65c
                0x0000000000008110                . = ALIGN (0x2)
                0x0000000000008110                PROVIDE (_start, .)
 *(SORT(.crt_*))
 .crt_0000start
                0x0000000000008110        0x4 /opt/ti/ccsv8/tools/compiler/msp430-gcc-7.3.1.24_linux64/bin/../lib/gcc/msp430-elf/7.3.1/../../../../msp430-elf/lib/430/crt0.o
                0x0000000000008110                __crt0_start
 .crt_0100init_bss
                0x0000000000008114        0xe /opt/ti/ccsv8/tools/compiler/msp430-gcc-7.3.1.24_linux64/bin/../lib/gcc/msp430-elf/7.3.1/../../../../msp430-elf/lib/430/libcrt.a(crt_bss.o)
                0x0000000000008114                __crt0_init_bss
 .crt_0300movedata
                0x0000000000008122       0x14 /opt/ti/ccsv8/tools/compiler/msp430-gcc-7.3.1.24_linux64/bin/../lib/gcc/msp430-elf/7.3.1/../../../../msp430-elf/lib/430/libcrt.a(crt_movedata.o)
                0x0000000000008122                __crt0_movedata
 .crt_0700call_init_then_main
                0x0000000000008136        0xa /opt/ti/ccsv8/tools/compiler/msp430-gcc-7.3.1.24_linux64/bin/../lib/gcc/msp430-elf/7.3.1/../../../../msp430-elf/lib/430/libcrt.a(crt_main.o)
                0x0000000000008136                __crt0_call_init_then_main
 .crt_0900main_init
                0x0000000000008140       0x3c /opt/ti/ccsv8/tools/compiler/msp430-gcc-7.3.1.24_linux64/bin/../lib/gcc/msp430-elf/7.3.1/../../../../msp430-elf/lib/430/crt0.o
                0x0000000000008140                _msp430_run_init_array
                0x000000000000814e                _msp430_run_preinit_array
                0x000000000000815c                _msp430_run_fini_array
 *(.lowtext .text .stub .text.* .gnu.linkonce.t.* .text:*)
 .text          0x000000000000817c        0x0 /opt/ti/ccsv8/tools/compiler/msp430-gcc-7.3.1.24_linux64/bin/../lib/gcc/msp430-elf/7.3.1/../../../../msp430-elf/lib/430/crt0.o
 .text          0x000000000000817c        0x4 /opt/ti/ccsv8/tools/compiler/msp430-gcc-7.3.1.24_linux64/bin/../lib/gcc/msp430-elf/7.3.1/430/crtbegin.o
 .text.deregister_tm_clones
                0x0000000000008180       0x1a /opt/ti/ccsv8/tools/compiler/msp430-gcc-7.3.1.24_linux64/bin/../lib/gcc/msp430-elf/7.3.1/430/crtbegin.o
 .text.register_tm_clones
                0x000000000000819a       0x2e /opt/ti/ccsv8/tools/compiler/msp430-gcc-7.3.1.24_linux64/bin/../lib/gcc/msp430-elf/7.3.1/430/crtbegin.o
 .text.__do_global_dtors_aux
                0x00000000000081c8       0x4e /opt/ti/ccsv8/tools/compiler/msp430-gcc-7.3.1.24_linux64/bin/../lib/gcc/msp430-elf/7.3.1/430/crtbegin.o
 .text.call___do_global_dtors_aux
                0x0000000000008216        0x0 /opt/ti/ccsv8/tools/compiler/msp430-gcc-7.3.1.24_linux64/bin/../lib/gcc/msp430-elf/7.3.1/430/crtbegin.o
 .text.frame_dummy
                0x0000000000008216       0x18 /opt/ti/ccsv8/tools/compiler/msp430-gcc-7.3.1.24_linux64/bin/../lib/gcc/msp430-elf/7.3.1/430/crtbegin.o
 .text.call_frame_dummy
                0x000000000000822e        0x0 /opt/ti/ccsv8/tools/compiler/msp430-gcc-7.3.1.24_linux64/bin/../lib/gcc/msp430-elf/7.3.1/430/crtbegin.o
 .text          0x000000000000822e      0x3f6 ./main.o
                0x000000000000822e                init
                0x0000000000008236                btbl_bitcnt
                0x000000000000825a                bit_count
                0x0000000000008286                bitcount
                0x000000000000832c                ntbl_bitcount
                0x00000000000083d0                BW_btbl_bitcount
                0x000000000000840e                AR_btbl_bitcount
                0x000000000000844a                ntbl_bitcnt
                0x0000000000008472                bit_shifter
                0x00000000000084a4                main
 .text          0x0000000000008624       0x10 /opt/ti/ccsv8/tools/compiler/msp430-gcc-7.3.1.24_linux64/bin/../lib/gcc/msp430-elf/7.3.1/430/libgcc.a(epilogue.o)
                0x0000000000008624                __mspabi_func_epilog_7
                0x0000000000008626                __mspabi_func_epilog_6
                0x0000000000008628                __mspabi_func_epilog_5
                0x000000000000862a                __mspabi_func_epilog_4
                0x000000000000862c                __mspabi_func_epilog_3
                0x000000000000862e                __mspabi_func_epilog_2
                0x0000000000008630                __mspabi_func_epilog_1
 .text          0x0000000000008634       0xb4 /opt/ti/ccsv8/tools/compiler/msp430-gcc-7.3.1.24_linux64/bin/../lib/gcc/msp430-elf/7.3.1/430/libgcc.a(srli.o)
                0x0000000000008634                __mspabi_srli_15
                0x0000000000008638                __mspabi_srli_14
                0x000000000000863c                __mspabi_srli_13
                0x0000000000008640                __mspabi_srli_12
                0x0000000000008644                __mspabi_srli_11
                0x0000000000008648                __mspabi_srli_10
                0x000000000000864c                __mspabi_srli_9
                0x0000000000008650                __mspabi_srli_8
                0x0000000000008654                __mspabi_srli_7
                0x0000000000008658                __mspabi_srli_6
                0x000000000000865c                __mspabi_srli_5
                0x0000000000008660                __mspabi_srli_4
                0x0000000000008664                __mspabi_srli_3
                0x0000000000008668                __mspabi_srli_2
                0x000000000000866c                __mspabi_srli_1
                0x0000000000008678                __mspabi_srli
                0x000000000000867e                __mspabi_srll_15
                0x0000000000008684                __mspabi_srll_14
                0x000000000000868a                __mspabi_srll_13
                0x0000000000008690                __mspabi_srll_12
                0x0000000000008696                __mspabi_srll_11
                0x000000000000869c                __mspabi_srll_10
                0x00000000000086a2                __mspabi_srll_9
                0x00000000000086a8                __mspabi_srll_8
                0x00000000000086ae                __mspabi_srll_7
                0x00000000000086b4                __mspabi_srll_6
                0x00000000000086ba                __mspabi_srll_5
                0x00000000000086c0                __mspabi_srll_4
                0x00000000000086c6                __mspabi_srll_3
                0x00000000000086cc                __mspabi_srll_2
                0x00000000000086d2                __mspabi_srll_1
                0x00000000000086e2                __mspabi_srll
 .text          0x00000000000086e8        0x0 /opt/ti/ccsv8/tools/compiler/msp430-gcc-7.3.1.24_linux64/bin/../lib/gcc/msp430-elf/7.3.1/../../../../msp430-elf/lib/430/libcrt.a(crt_bss.o)
 .text          0x00000000000086e8        0x0 /opt/ti/ccsv8/tools/compiler/msp430-gcc-7.3.1.24_linux64/bin/../lib/gcc/msp430-elf/7.3.1/../../../../msp430-elf/lib/430/libcrt.a(crt_movedata.o)
 .text          0x00000000000086e8        0x0 /opt/ti/ccsv8/tools/compiler/msp430-gcc-7.3.1.24_linux64/bin/../lib/gcc/msp430-elf/7.3.1/../../../../msp430-elf/lib/430/libcrt.a(crt_main.o)
 .text          0x00000000000086e8        0x0 /opt/ti/ccsv8/tools/compiler/msp430-gcc-7.3.1.24_linux64/bin/../lib/gcc/msp430-elf/7.3.1/../../../../msp430-elf/lib/430/libc.a(lib_a-memmove.o)
 .text.memmove  0x00000000000086e8       0x38 /opt/ti/ccsv8/tools/compiler/msp430-gcc-7.3.1.24_linux64/bin/../lib/gcc/msp430-elf/7.3.1/../../../../msp430-elf/lib/430/libc.a(lib_a-memmove.o)
                0x00000000000086e8                memmove
 .text          0x0000000000008720        0x0 /opt/ti/ccsv8/tools/compiler/msp430-gcc-7.3.1.24_linux64/bin/../lib/gcc/msp430-elf/7.3.1/../../../../msp430-elf/lib/430/libc.a(lib_a-memset.o)
 .text.memset   0x0000000000008720       0x14 /opt/ti/ccsv8/tools/compiler/msp430-gcc-7.3.1.24_linux64/bin/../lib/gcc/msp430-elf/7.3.1/../../../../msp430-elf/lib/430/libc.a(lib_a-memset.o)
                0x0000000000008720                memset
 .text          0x0000000000008734        0x2 /opt/ti/ccsv8/tools/compiler/msp430-gcc-7.3.1.24_linux64/bin/../lib/gcc/msp430-elf/7.3.1/430/crtend.o
 .text.__do_global_ctors_aux
                0x0000000000008736       0x1a /opt/ti/ccsv8/tools/compiler/msp430-gcc-7.3.1.24_linux64/bin/../lib/gcc/msp430-elf/7.3.1/430/crtend.o
 .text.call___do_global_ctors_aux
                0x0000000000008750        0x0 /opt/ti/ccsv8/tools/compiler/msp430-gcc-7.3.1.24_linux64/bin/../lib/gcc/msp430-elf/7.3.1/430/crtend.o
 .text          0x0000000000008750        0x0 /opt/ti/ccsv8/tools/compiler/msp430-gcc-7.3.1.24_linux64/bin/../lib/gcc/msp430-elf/7.3.1/../../../../msp430-elf/lib/430/crtn.o
 *(.text.*personality*)
 *(.gnu.warning)
 *(.interp .hash .dynsym .dynstr .gnu.version*)
                [!provide]                        PROVIDE (__etext, .)
                [!provide]                        PROVIDE (_etext, .)
                [!provide]                        PROVIDE (etext, .)
                0x0000000000008750                . = ALIGN (0x2)
 *(.init)
 .init          0x0000000000008750        0x0 /opt/ti/ccsv8/tools/compiler/msp430-gcc-7.3.1.24_linux64/bin/../lib/gcc/msp430-elf/7.3.1/../../../../msp430-elf/lib/430/crt0.o
                0x0000000000008750                __msp430_init
 .init          0x0000000000008750        0x4 /opt/ti/ccsv8/tools/compiler/msp430-gcc-7.3.1.24_linux64/bin/../lib/gcc/msp430-elf/7.3.1/430/crtbegin.o
 .init          0x0000000000008754        0x4 /opt/ti/ccsv8/tools/compiler/msp430-gcc-7.3.1.24_linux64/bin/../lib/gcc/msp430-elf/7.3.1/430/crtend.o
 .init          0x0000000000008758        0xa /opt/ti/ccsv8/tools/compiler/msp430-gcc-7.3.1.24_linux64/bin/../lib/gcc/msp430-elf/7.3.1/../../../../msp430-elf/lib/430/crtn.o
                0x0000000000008762                __msp430_init_end
 *(.fini)
 .fini          0x0000000000008762        0x4 /opt/ti/ccsv8/tools/compiler/msp430-gcc-7.3.1.24_linux64/bin/../lib/gcc/msp430-elf/7.3.1/../../../../msp430-elf/lib/430/crt0.o
                0x0000000000008762                __msp430_fini
 .fini          0x0000000000008766        0x4 /opt/ti/ccsv8/tools/compiler/msp430-gcc-7.3.1.24_linux64/bin/../lib/gcc/msp430-elf/7.3.1/430/crtbegin.o
 .fini          0x000000000000876a        0x2 /opt/ti/ccsv8/tools/compiler/msp430-gcc-7.3.1.24_linux64/bin/../lib/gcc/msp430-elf/7.3.1/../../../../msp430-elf/lib/430/crtn.o
                0x000000000000876c                __msp430_fini_end
 *(.tm_clone_table)
 .tm_clone_table
                0x000000000000876c        0x0 /opt/ti/ccsv8/tools/compiler/msp430-gcc-7.3.1.24_linux64/bin/../lib/gcc/msp430-elf/7.3.1/430/crtbegin.o
 .tm_clone_table
                0x000000000000876c        0x0 /opt/ti/ccsv8/tools/compiler/msp430-gcc-7.3.1.24_linux64/bin/../lib/gcc/msp430-elf/7.3.1/430/crtend.o
                0x000000000000876c                __TMC_END__

.data           0x0000000000004000        0x2 load address 0x000000000000876c
                0x0000000000004000                . = ALIGN (0x2)
                0x0000000000004000                PROVIDE (__datastart, .)
 *(.jcr)
 *(.data.rel.ro.local)
 *(.data.rel.ro*)
 *(.dynamic)
 *(.data .data.* .gnu.linkonce.d.*)
 .data          0x0000000000004000        0x0 /opt/ti/ccsv8/tools/compiler/msp430-gcc-7.3.1.24_linux64/bin/../lib/gcc/msp430-elf/7.3.1/../../../../msp430-elf/lib/430/crt0.o
 .data          0x0000000000004000        0x0 /opt/ti/ccsv8/tools/compiler/msp430-gcc-7.3.1.24_linux64/bin/../lib/gcc/msp430-elf/7.3.1/430/crtbegin.o
 .data.__dso_handle
                0x0000000000004000        0x2 /opt/ti/ccsv8/tools/compiler/msp430-gcc-7.3.1.24_linux64/bin/../lib/gcc/msp430-elf/7.3.1/430/crtbegin.o
                0x0000000000004000                __dso_handle
 .data          0x0000000000004002        0x0 ./main.o
 .data          0x0000000000004002        0x0 /opt/ti/ccsv8/tools/compiler/msp430-gcc-7.3.1.24_linux64/bin/../lib/gcc/msp430-elf/7.3.1/430/libgcc.a(epilogue.o)
 .data          0x0000000000004002        0x0 /opt/ti/ccsv8/tools/compiler/msp430-gcc-7.3.1.24_linux64/bin/../lib/gcc/msp430-elf/7.3.1/430/libgcc.a(srli.o)
 .data          0x0000000000004002        0x0 /opt/ti/ccsv8/tools/compiler/msp430-gcc-7.3.1.24_linux64/bin/../lib/gcc/msp430-elf/7.3.1/../../../../msp430-elf/lib/430/libcrt.a(crt_bss.o)
 .data          0x0000000000004002        0x0 /opt/ti/ccsv8/tools/compiler/msp430-gcc-7.3.1.24_linux64/bin/../lib/gcc/msp430-elf/7.3.1/../../../../msp430-elf/lib/430/libcrt.a(crt_movedata.o)
 .data          0x0000000000004002        0x0 /opt/ti/ccsv8/tools/compiler/msp430-gcc-7.3.1.24_linux64/bin/../lib/gcc/msp430-elf/7.3.1/../../../../msp430-elf/lib/430/libcrt.a(crt_main.o)
 .data          0x0000000000004002        0x0 /opt/ti/ccsv8/tools/compiler/msp430-gcc-7.3.1.24_linux64/bin/../lib/gcc/msp430-elf/7.3.1/../../../../msp430-elf/lib/430/libc.a(lib_a-memmove.o)
 .data          0x0000000000004002        0x0 /opt/ti/ccsv8/tools/compiler/msp430-gcc-7.3.1.24_linux64/bin/../lib/gcc/msp430-elf/7.3.1/../../../../msp430-elf/lib/430/libc.a(lib_a-memset.o)
 .data          0x0000000000004002        0x0 /opt/ti/ccsv8/tools/compiler/msp430-gcc-7.3.1.24_linux64/bin/../lib/gcc/msp430-elf/7.3.1/430/crtend.o
 .data          0x0000000000004002        0x0 /opt/ti/ccsv8/tools/compiler/msp430-gcc-7.3.1.24_linux64/bin/../lib/gcc/msp430-elf/7.3.1/../../../../msp430-elf/lib/430/crtn.o
 *(.gnu.linkonce.d.*personality*)
 *(.data1)
 *(.got.plt)
 *(.got)
                0x0000000000004002                . = ALIGN (0x2)
 *(.sdata .sdata.* .gnu.linkonce.s.* D_2 D_1)
                0x0000000000004002                . = ALIGN (0x2)
                0x0000000000004002                _edata = .
                [!provide]                        PROVIDE (edata, .)
                [!provide]                        PROVIDE (__dataend, .)
                0x000000000000876c                PROVIDE (__romdatastart, LOADADDR (.data))
                0x0000000000000002                PROVIDE (__romdatacopysize, SIZEOF (.data))

.bss            0x0000000000004002       0x12 load address 0x000000000000876e
                0x0000000000004002                . = ALIGN (0x2)
                0x0000000000004002                PROVIDE (__bssstart, .)
 *(.dynbss)
 *(.sbss .sbss.*)
 *(.bss .bss.* .gnu.linkonce.b.*)
 .bss           0x0000000000004002        0x0 /opt/ti/ccsv8/tools/compiler/msp430-gcc-7.3.1.24_linux64/bin/../lib/gcc/msp430-elf/7.3.1/../../../../msp430-elf/lib/430/crt0.o
 .bss           0x0000000000004002        0x0 /opt/ti/ccsv8/tools/compiler/msp430-gcc-7.3.1.24_linux64/bin/../lib/gcc/msp430-elf/7.3.1/430/crtbegin.o
 .bss.completed.3056
                0x0000000000004002        0x1 /opt/ti/ccsv8/tools/compiler/msp430-gcc-7.3.1.24_linux64/bin/../lib/gcc/msp430-elf/7.3.1/430/crtbegin.o
 *fill*         0x0000000000004003        0x1 
 .bss.dtor_idx.3058
                0x0000000000004004        0x2 /opt/ti/ccsv8/tools/compiler/msp430-gcc-7.3.1.24_linux64/bin/../lib/gcc/msp430-elf/7.3.1/430/crtbegin.o
 .bss.object.3071
                0x0000000000004006        0xe /opt/ti/ccsv8/tools/compiler/msp430-gcc-7.3.1.24_linux64/bin/../lib/gcc/msp430-elf/7.3.1/430/crtbegin.o
 .bss           0x0000000000004014        0x0 ./main.o
 .bss           0x0000000000004014        0x0 /opt/ti/ccsv8/tools/compiler/msp430-gcc-7.3.1.24_linux64/bin/../lib/gcc/msp430-elf/7.3.1/430/libgcc.a(epilogue.o)
 .bss           0x0000000000004014        0x0 /opt/ti/ccsv8/tools/compiler/msp430-gcc-7.3.1.24_linux64/bin/../lib/gcc/msp430-elf/7.3.1/430/libgcc.a(srli.o)
 .bss           0x0000000000004014        0x0 /opt/ti/ccsv8/tools/compiler/msp430-gcc-7.3.1.24_linux64/bin/../lib/gcc/msp430-elf/7.3.1/../../../../msp430-elf/lib/430/libcrt.a(crt_bss.o)
 .bss           0x0000000000004014        0x0 /opt/ti/ccsv8/tools/compiler/msp430-gcc-7.3.1.24_linux64/bin/../lib/gcc/msp430-elf/7.3.1/../../../../msp430-elf/lib/430/libcrt.a(crt_movedata.o)
 .bss           0x0000000000004014        0x0 /opt/ti/ccsv8/tools/compiler/msp430-gcc-7.3.1.24_linux64/bin/../lib/gcc/msp430-elf/7.3.1/../../../../msp430-elf/lib/430/libcrt.a(crt_main.o)
 .bss           0x0000000000004014        0x0 /opt/ti/ccsv8/tools/compiler/msp430-gcc-7.3.1.24_linux64/bin/../lib/gcc/msp430-elf/7.3.1/../../../../msp430-elf/lib/430/libc.a(lib_a-memmove.o)
 .bss           0x0000000000004014        0x0 /opt/ti/ccsv8/tools/compiler/msp430-gcc-7.3.1.24_linux64/bin/../lib/gcc/msp430-elf/7.3.1/../../../../msp430-elf/lib/430/libc.a(lib_a-memset.o)
 .bss           0x0000000000004014        0x0 /opt/ti/ccsv8/tools/compiler/msp430-gcc-7.3.1.24_linux64/bin/../lib/gcc/msp430-elf/7.3.1/430/crtend.o
 .bss           0x0000000000004014        0x0 /opt/ti/ccsv8/tools/compiler/msp430-gcc-7.3.1.24_linux64/bin/../lib/gcc/msp430-elf/7.3.1/../../../../msp430-elf/lib/430/crtn.o
                0x0000000000004014                . = ALIGN (0x2)
 *(COMMON)
                [!provide]                        PROVIDE (__bssend, .)
                0x0000000000000012                PROVIDE (__bsssize, SIZEOF (.bss))

.noinit         0x0000000000004014        0x0 load address 0x000000000000876e
                0x0000000000004014                . = ALIGN (0x2)
                [!provide]                        PROVIDE (__noinit_start, .)
 *(.noinit)
                0x0000000000004014                . = ALIGN (0x2)
                [!provide]                        PROVIDE (__noinit_end, .)
                0x0000000000004014                end = .

.stack          0x0000000000008000        0x0
                0x0000000000008000                PROVIDE (__stack, .)
 *(.stack)

.MP430.attributes
                0x0000000000000000      0x114
 *(.MSP430.attributes)
 .MSP430.attributes
                0x0000000000000000       0x17 /opt/ti/ccsv8/tools/compiler/msp430-gcc-7.3.1.24_linux64/bin/../lib/gcc/msp430-elf/7.3.1/../../../../msp430-elf/lib/430/crt0.o
 .MSP430.attributes
                0x0000000000000017       0x17 /opt/ti/ccsv8/tools/compiler/msp430-gcc-7.3.1.24_linux64/bin/../lib/gcc/msp430-elf/7.3.1/430/crtbegin.o
 .MSP430.attributes
                0x000000000000002e       0x17 ./main.o
 .MSP430.attributes
                0x0000000000000045       0x17 /opt/ti/ccsv8/tools/compiler/msp430-gcc-7.3.1.24_linux64/bin/../lib/gcc/msp430-elf/7.3.1/430/libgcc.a(epilogue.o)
 .MSP430.attributes
                0x000000000000005c       0x17 /opt/ti/ccsv8/tools/compiler/msp430-gcc-7.3.1.24_linux64/bin/../lib/gcc/msp430-elf/7.3.1/430/libgcc.a(srli.o)
 .MSP430.attributes
                0x0000000000000073       0x17 /opt/ti/ccsv8/tools/compiler/msp430-gcc-7.3.1.24_linux64/bin/../lib/gcc/msp430-elf/7.3.1/../../../../msp430-elf/lib/430/libcrt.a(crt_bss.o)
 .MSP430.attributes
                0x000000000000008a       0x17 /opt/ti/ccsv8/tools/compiler/msp430-gcc-7.3.1.24_linux64/bin/../lib/gcc/msp430-elf/7.3.1/../../../../msp430-elf/lib/430/libcrt.a(crt_movedata.o)
 .MSP430.attributes
                0x00000000000000a1       0x17 /opt/ti/ccsv8/tools/compiler/msp430-gcc-7.3.1.24_linux64/bin/../lib/gcc/msp430-elf/7.3.1/../../../../msp430-elf/lib/430/libcrt.a(crt_main.o)
 .MSP430.attributes
                0x00000000000000b8       0x17 /opt/ti/ccsv8/tools/compiler/msp430-gcc-7.3.1.24_linux64/bin/../lib/gcc/msp430-elf/7.3.1/../../../../msp430-elf/lib/430/libc.a(lib_a-memmove.o)
 .MSP430.attributes
                0x00000000000000cf       0x17 /opt/ti/ccsv8/tools/compiler/msp430-gcc-7.3.1.24_linux64/bin/../lib/gcc/msp430-elf/7.3.1/../../../../msp430-elf/lib/430/libc.a(lib_a-memset.o)
 .MSP430.attributes
                0x00000000000000e6       0x17 /opt/ti/ccsv8/tools/compiler/msp430-gcc-7.3.1.24_linux64/bin/../lib/gcc/msp430-elf/7.3.1/430/crtend.o
 .MSP430.attributes
                0x00000000000000fd       0x17 /opt/ti/ccsv8/tools/compiler/msp430-gcc-7.3.1.24_linux64/bin/../lib/gcc/msp430-elf/7.3.1/../../../../msp430-elf/lib/430/crtn.o
 *(.gnu.attributes)
 *(__TI_build_attributes)

.stab
 *(.stab)

.stabstr
 *(.stabstr)

.stab.excl
 *(.stab.excl)

.stab.exclstr
 *(.stab.exclstr)

.stab.index
 *(.stab.index)

.stab.indexstr
 *(.stab.indexstr)

.comment        0x0000000000000000       0x39
 *(.comment)
 .comment       0x0000000000000000       0x39 /opt/ti/ccsv8/tools/compiler/msp430-gcc-7.3.1.24_linux64/bin/../lib/gcc/msp430-elf/7.3.1/430/crtbegin.o
                                         0x3a (size before relaxing)
 .comment       0x0000000000000039       0x3a ./main.o
 .comment       0x0000000000000039       0x3a /opt/ti/ccsv8/tools/compiler/msp430-gcc-7.3.1.24_linux64/bin/../lib/gcc/msp430-elf/7.3.1/../../../../msp430-elf/lib/430/libc.a(lib_a-memmove.o)
 .comment       0x0000000000000039       0x3a /opt/ti/ccsv8/tools/compiler/msp430-gcc-7.3.1.24_linux64/bin/../lib/gcc/msp430-elf/7.3.1/../../../../msp430-elf/lib/430/libc.a(lib_a-memset.o)
 .comment       0x0000000000000039       0x3a /opt/ti/ccsv8/tools/compiler/msp430-gcc-7.3.1.24_linux64/bin/../lib/gcc/msp430-elf/7.3.1/430/crtend.o

.debug
 *(.debug)

.line
 *(.line)

.debug_srcinfo
 *(.debug_srcinfo)

.debug_sfnames
 *(.debug_sfnames)

.debug_aranges  0x0000000000000000       0x20
 *(.debug_aranges)
 .debug_aranges
                0x0000000000000000       0x20 ./main.o

.debug_pubnames
 *(.debug_pubnames)

.debug_info     0x0000000000000000      0xb65
 *(.debug_info .gnu.linkonce.wi.*)
 .debug_info    0x0000000000000000      0xb65 ./main.o

.debug_abbrev   0x0000000000000000      0x1f9
 *(.debug_abbrev)
 .debug_abbrev  0x0000000000000000      0x1f9 ./main.o

.debug_line     0x0000000000000000      0x5e9
 *(.debug_line .debug_line.* .debug_line_end)
 .debug_line    0x0000000000000000      0x5e9 ./main.o

.debug_frame    0x0000000000000000      0x18c
 *(.debug_frame)
 .debug_frame   0x0000000000000000      0x18c ./main.o

.debug_str      0x0000000000000000      0x5ca
 *(.debug_str)
 .debug_str     0x0000000000000000      0x5ca ./main.o
                                        0x654 (size before relaxing)

.debug_loc      0x0000000000000000      0x317
 *(.debug_loc)
 .debug_loc     0x0000000000000000      0x317 ./main.o

.debug_macinfo  0x0000000000000000     0x8abb
 *(.debug_macinfo)
 .debug_macinfo
                0x0000000000000000     0x8abb ./main.o

.debug_weaknames
 *(.debug_weaknames)

.debug_funcnames
 *(.debug_funcnames)

.debug_typenames
 *(.debug_typenames)

.debug_varnames
 *(.debug_varnames)

/DISCARD/
 *(.note.GNU-stack)
OUTPUT(bitcount.elf elf32-msp430)
