main.c:29:10:sqrt16	42	static
main.c:131:6:ACCEL_singleSample	4	static
main.c:147:6:acquire_window	8	static
main.c:162:6:transform	6	static
main.c:185:6:featurize	26	static
main.c:235:9:classify	30	static
main.c:285:6:record_stats	4	static
main.c:312:6:print_stats	2	static
main.c:354:6:warmup_sensor	6	static
main.c:368:6:train	18	static
main.c:401:6:recognize	26	static
main.c:429:6:end_of_benchmark	0	static
main.c:440:6:count_error	0	static
main.c:446:12:select_mode	4	static
main.c:499:6:init	0	static
main.c:517:5:main	4	static
